new:146:14:void* operator new(std::size_t, void*)	16	static
gthr-default.h:229:1:int __gthread_key_delete(__gthread_key_t)	16	static
functional:1458:17:void* std::_Any_data::_M_access()	16	static
functional:1459:17:const void* std::_Any_data::_M_access() const	16	static
functional:1685:5:std::_Function_base::_Function_base()	16	static
functional:1687:5:std::_Function_base::~_Function_base()	16	static
functional:1694:10:bool std::_Function_base::_M_empty() const	16	static
functional:1834:11:std::function<void()>::~function()	16	static
DMA.cpp:43:1:DMA::DMA(DMA::Stream)	16	static
DMA.cpp:55:1:DMA::~DMA()	16	static
DMA.cpp:73:6:bool DMA::Configure(DMA::Channel, DMA::Direction, DMA::BufferMode, DMA::DataWidth, DMA::Priority, DMA::HalfBufferInterrupt)	24	static
DMA.cpp:106:6:bool DMA::Link(const void*, DMA_HandleTypeDef*&)	24	static
DMA.cpp:130:21:DMA_Stream_TypeDef* DMA::GetInstance(DMA::Stream)	16	static
DMA.cpp:159:10:uint32_t DMA::GetChannel(DMA::Channel)	16	static
DMA.cpp:190:10:uint32_t DMA::GetDirection(DMA::Direction)	16	static
DMA.cpp:206:10:uint32_t DMA::GetDataWidth(DMA::DataWidth)	16	static
DMA.cpp:222:10:uint32_t DMA::GetPriority(DMA::Priority)	16	static
DMA.cpp:242:62:DMA::ConnectInternalCallback(DMA::Stream)::<lambda()>	16	static
DMA.cpp:243:62:DMA::ConnectInternalCallback(DMA::Stream)::<lambda()>	16	static
DMA.cpp:244:62:DMA::ConnectInternalCallback(DMA::Stream)::<lambda()>	16	static
DMA.cpp:245:62:DMA::ConnectInternalCallback(DMA::Stream)::<lambda()>	16	static
DMA.cpp:246:62:DMA::ConnectInternalCallback(DMA::Stream)::<lambda()>	16	static
DMA.cpp:247:62:DMA::ConnectInternalCallback(DMA::Stream)::<lambda()>	16	static
DMA.cpp:248:62:DMA::ConnectInternalCallback(DMA::Stream)::<lambda()>	16	static
DMA.cpp:249:62:DMA::ConnectInternalCallback(DMA::Stream)::<lambda()>	16	static
DMA.cpp:250:62:DMA::ConnectInternalCallback(DMA::Stream)::<lambda()>	16	static
DMA.cpp:251:62:DMA::ConnectInternalCallback(DMA::Stream)::<lambda()>	16	static
DMA.cpp:252:62:DMA::ConnectInternalCallback(DMA::Stream)::<lambda()>	16	static
DMA.cpp:253:62:DMA::ConnectInternalCallback(DMA::Stream)::<lambda()>	16	static
DMA.cpp:254:62:DMA::ConnectInternalCallback(DMA::Stream)::<lambda()>	16	static
DMA.cpp:255:62:DMA::ConnectInternalCallback(DMA::Stream)::<lambda()>	16	static
DMA.cpp:256:62:DMA::ConnectInternalCallback(DMA::Stream)::<lambda()>	16	static
DMA.cpp:257:62:DMA::ConnectInternalCallback(DMA::Stream)::<lambda()>	16	static
DMA.cpp:238:6:void DMA::ConnectInternalCallback(DMA::Stream)	80	static
DMA.cpp:268:6:void DMA::EnableInterrupt(DMA::Stream, uint32_t, uint32_t)	24	static
DMA.cpp:296:6:void DMA::DisableInterrupt(DMA::Stream)	16	static
DMA.cpp:326:6:void DMA::SetIRQn(IRQn_Type, uint32_t, uint32_t)	24	static
DMA.cpp:337:6:void DMA::Callback() const	16	static
DMA.cpp:349:17:void DMA1_Stream0_IRQHandler()	8	static
DMA.cpp:357:17:void DMA1_Stream1_IRQHandler()	8	static
DMA.cpp:365:17:void DMA1_Stream2_IRQHandler()	8	static
DMA.cpp:373:17:void DMA1_Stream3_IRQHandler()	8	static
DMA.cpp:381:17:void DMA1_Stream4_IRQHandler()	8	static
DMA.cpp:389:17:void DMA1_Stream5_IRQHandler()	8	static
DMA.cpp:397:17:void DMA1_Stream6_IRQHandler()	8	static
DMA.cpp:405:17:void DMA1_Stream7_IRQHandler()	8	static
DMA.cpp:413:17:void DMA2_Stream0_IRQHandler()	8	static
DMA.cpp:421:17:void DMA2_Stream1_IRQHandler()	8	static
DMA.cpp:429:17:void DMA2_Stream2_IRQHandler()	8	static
DMA.cpp:437:17:void DMA2_Stream3_IRQHandler()	8	static
DMA.cpp:445:17:void DMA2_Stream4_IRQHandler()	8	static
DMA.cpp:453:17:void DMA2_Stream5_IRQHandler()	8	static
DMA.cpp:461:17:void DMA2_Stream6_IRQHandler()	8	static
DMA.cpp:469:17:void DMA2_Stream7_IRQHandler()	8	static
functional:525:12:constexpr std::_Maybe_unary_or_binary_function<void>::_Maybe_unary_or_binary_function()	16	static
functional:1861:7:)>::function() [with _Res = void; _ArgTypes = {}]	16	static
move.h:76:5:constexpr _Tp&& std::forward(typename std::remove_reference<_From>::type&) [with _Tp = DMA::ConnectInternalCallback(DMA::Stream)::<lambda()>]	16	static
functional:1990:2:)>::operator=(_Functor&&) [with _Functor = DMA::ConnectInternalCallback(DMA::Stream)::<lambda()>; _Res = void; _ArgTypes = {}]	32	static
move.h:76:5:constexpr _Tp&& std::forward(typename std::remove_reference<_From>::type&) [with _Tp = DMA::ConnectInternalCallback(DMA::Stream)::<lambda()>]	16	static
functional:1990:2:)>::operator=(_Functor&&) [with _Functor = DMA::ConnectInternalCallback(DMA::Stream)::<lambda()>; _Res = void; _ArgTypes = {}]	32	static
move.h:76:5:constexpr _Tp&& std::forward(typename std::remove_reference<_From>::type&) [with _Tp = DMA::ConnectInternalCallback(DMA::Stream)::<lambda()>]	16	static
functional:1990:2:)>::operator=(_Functor&&) [with _Functor = DMA::ConnectInternalCallback(DMA::Stream)::<lambda()>; _Res = void; _ArgTypes = {}]	32	static
move.h:76:5:constexpr _Tp&& std::forward(typename std::remove_reference<_From>::type&) [with _Tp = DMA::ConnectInternalCallback(DMA::Stream)::<lambda()>]	16	static
functional:1990:2:)>::operator=(_Functor&&) [with _Functor = DMA::ConnectInternalCallback(DMA::Stream)::<lambda()>; _Res = void; _ArgTypes = {}]	32	static
move.h:76:5:constexpr _Tp&& std::forward(typename std::remove_reference<_From>::type&) [with _Tp = DMA::ConnectInternalCallback(DMA::Stream)::<lambda()>]	16	static
functional:1990:2:)>::operator=(_Functor&&) [with _Functor = DMA::ConnectInternalCallback(DMA::Stream)::<lambda()>; _Res = void; _ArgTypes = {}]	32	static
move.h:76:5:constexpr _Tp&& std::forward(typename std::remove_reference<_From>::type&) [with _Tp = DMA::ConnectInternalCallback(DMA::Stream)::<lambda()>]	16	static
functional:1990:2:)>::operator=(_Functor&&) [with _Functor = DMA::ConnectInternalCallback(DMA::Stream)::<lambda()>; _Res = void; _ArgTypes = {}]	32	static
move.h:76:5:constexpr _Tp&& std::forward(typename std::remove_reference<_From>::type&) [with _Tp = DMA::ConnectInternalCallback(DMA::Stream)::<lambda()>]	16	static
functional:1990:2:)>::operator=(_Functor&&) [with _Functor = DMA::ConnectInternalCallback(DMA::Stream)::<lambda()>; _Res = void; _ArgTypes = {}]	32	static
move.h:76:5:constexpr _Tp&& std::forward(typename std::remove_reference<_From>::type&) [with _Tp = DMA::ConnectInternalCallback(DMA::Stream)::<lambda()>]	16	static
functional:1990:2:)>::operator=(_Functor&&) [with _Functor = DMA::ConnectInternalCallback(DMA::Stream)::<lambda()>; _Res = void; _ArgTypes = {}]	32	static
move.h:76:5:constexpr _Tp&& std::forward(typename std::remove_reference<_From>::type&) [with _Tp = DMA::ConnectInternalCallback(DMA::Stream)::<lambda()>]	16	static
functional:1990:2:)>::operator=(_Functor&&) [with _Functor = DMA::ConnectInternalCallback(DMA::Stream)::<lambda()>; _Res = void; _ArgTypes = {}]	32	static
move.h:76:5:constexpr _Tp&& std::forward(typename std::remove_reference<_From>::type&) [with _Tp = DMA::ConnectInternalCallback(DMA::Stream)::<lambda()>]	16	static
functional:1990:2:)>::operator=(_Functor&&) [with _Functor = DMA::ConnectInternalCallback(DMA::Stream)::<lambda()>; _Res = void; _ArgTypes = {}]	32	static
move.h:76:5:constexpr _Tp&& std::forward(typename std::remove_reference<_From>::type&) [with _Tp = DMA::ConnectInternalCallback(DMA::Stream)::<lambda()>]	16	static
functional:1990:2:)>::operator=(_Functor&&) [with _Functor = DMA::ConnectInternalCallback(DMA::Stream)::<lambda()>; _Res = void; _ArgTypes = {}]	32	static
move.h:76:5:constexpr _Tp&& std::forward(typename std::remove_reference<_From>::type&) [with _Tp = DMA::ConnectInternalCallback(DMA::Stream)::<lambda()>]	16	static
functional:1990:2:)>::operator=(_Functor&&) [with _Functor = DMA::ConnectInternalCallback(DMA::Stream)::<lambda()>; _Res = void; _ArgTypes = {}]	32	static
move.h:76:5:constexpr _Tp&& std::forward(typename std::remove_reference<_From>::type&) [with _Tp = DMA::ConnectInternalCallback(DMA::Stream)::<lambda()>]	16	static
functional:1990:2:)>::operator=(_Functor&&) [with _Functor = DMA::ConnectInternalCallback(DMA::Stream)::<lambda()>; _Res = void; _ArgTypes = {}]	32	static
move.h:76:5:constexpr _Tp&& std::forward(typename std::remove_reference<_From>::type&) [with _Tp = DMA::ConnectInternalCallback(DMA::Stream)::<lambda()>]	16	static
functional:1990:2:)>::operator=(_Functor&&) [with _Functor = DMA::ConnectInternalCallback(DMA::Stream)::<lambda()>; _Res = void; _ArgTypes = {}]	32	static
move.h:76:5:constexpr _Tp&& std::forward(typename std::remove_reference<_From>::type&) [with _Tp = DMA::ConnectInternalCallback(DMA::Stream)::<lambda()>]	16	static
functional:1990:2:)>::operator=(_Functor&&) [with _Functor = DMA::ConnectInternalCallback(DMA::Stream)::<lambda()>; _Res = void; _ArgTypes = {}]	32	static
move.h:76:5:constexpr _Tp&& std::forward(typename std::remove_reference<_From>::type&) [with _Tp = DMA::ConnectInternalCallback(DMA::Stream)::<lambda()>]	16	static
functional:1990:2:)>::operator=(_Functor&&) [with _Functor = DMA::ConnectInternalCallback(DMA::Stream)::<lambda()>; _Res = void; _ArgTypes = {}]	32	static
functional:2042:16:)>::operator bool() const [with _Res = void; _ArgTypes = {}]	16	static
functional:2122:5:) const [with _Res = void; _ArgTypes = {}]	16	static
move.h:101:5:constexpr typename std::remove_reference< <template-parameter-1-1> >::type&& std::move(_Tp&&) [with _Tp = DMA::ConnectInternalCallback(DMA::Stream)::<lambda()>&]	16	static
functional:2106:7:)>::function(_Functor) [with _Functor = DMA::ConnectInternalCallback(DMA::Stream)::<lambda()>; <template-parameter-2-2> = void; <template-parameter-2-3> = void; _Res = void; _ArgTypes = {}]	24	static
functional:2014:12:)>&) [with _Res = void; _ArgTypes = {}]	16	static
move.h:101:5:constexpr typename std::remove_reference< <template-parameter-1-1> >::type&& std::move(_Tp&&) [with _Tp = DMA::ConnectInternalCallback(DMA::Stream)::<lambda()>&]	16	static
functional:2106:7:)>::function(_Functor) [with _Functor = DMA::ConnectInternalCallback(DMA::Stream)::<lambda()>; <template-parameter-2-2> = void; <template-parameter-2-3> = void; _Res = void; _ArgTypes = {}]	24	static
move.h:101:5:constexpr typename std::remove_reference< <template-parameter-1-1> >::type&& std::move(_Tp&&) [with _Tp = DMA::ConnectInternalCallback(DMA::Stream)::<lambda()>&]	16	static
functional:2106:7:)>::function(_Functor) [with _Functor = DMA::ConnectInternalCallback(DMA::Stream)::<lambda()>; <template-parameter-2-2> = void; <template-parameter-2-3> = void; _Res = void; _ArgTypes = {}]	24	static
move.h:101:5:constexpr typename std::remove_reference< <template-parameter-1-1> >::type&& std::move(_Tp&&) [with _Tp = DMA::ConnectInternalCallback(DMA::Stream)::<lambda()>&]	16	static
functional:2106:7:)>::function(_Functor) [with _Functor = DMA::ConnectInternalCallback(DMA::Stream)::<lambda()>; <template-parameter-2-2> = void; <template-parameter-2-3> = void; _Res = void; _ArgTypes = {}]	24	static
move.h:101:5:constexpr typename std::remove_reference< <template-parameter-1-1> >::type&& std::move(_Tp&&) [with _Tp = DMA::ConnectInternalCallback(DMA::Stream)::<lambda()>&]	16	static
functional:2106:7:)>::function(_Functor) [with _Functor = DMA::ConnectInternalCallback(DMA::Stream)::<lambda()>; <template-parameter-2-2> = void; <template-parameter-2-3> = void; _Res = void; _ArgTypes = {}]	24	static
move.h:101:5:constexpr typename std::remove_reference< <template-parameter-1-1> >::type&& std::move(_Tp&&) [with _Tp = DMA::ConnectInternalCallback(DMA::Stream)::<lambda()>&]	16	static
functional:2106:7:)>::function(_Functor) [with _Functor = DMA::ConnectInternalCallback(DMA::Stream)::<lambda()>; <template-parameter-2-2> = void; <template-parameter-2-3> = void; _Res = void; _ArgTypes = {}]	24	static
move.h:101:5:constexpr typename std::remove_reference< <template-parameter-1-1> >::type&& std::move(_Tp&&) [with _Tp = DMA::ConnectInternalCallback(DMA::Stream)::<lambda()>&]	16	static
functional:2106:7:)>::function(_Functor) [with _Functor = DMA::ConnectInternalCallback(DMA::Stream)::<lambda()>; <template-parameter-2-2> = void; <template-parameter-2-3> = void; _Res = void; _ArgTypes = {}]	24	static
move.h:101:5:constexpr typename std::remove_reference< <template-parameter-1-1> >::type&& std::move(_Tp&&) [with _Tp = DMA::ConnectInternalCallback(DMA::Stream)::<lambda()>&]	16	static
functional:2106:7:)>::function(_Functor) [with _Functor = DMA::ConnectInternalCallback(DMA::Stream)::<lambda()>; <template-parameter-2-2> = void; <template-parameter-2-3> = void; _Res = void; _ArgTypes = {}]	24	static
move.h:101:5:constexpr typename std::remove_reference< <template-parameter-1-1> >::type&& std::move(_Tp&&) [with _Tp = DMA::ConnectInternalCallback(DMA::Stream)::<lambda()>&]	16	static
functional:2106:7:)>::function(_Functor) [with _Functor = DMA::ConnectInternalCallback(DMA::Stream)::<lambda()>; <template-parameter-2-2> = void; <template-parameter-2-3> = void; _Res = void; _ArgTypes = {}]	24	static
move.h:101:5:constexpr typename std::remove_reference< <template-parameter-1-1> >::type&& std::move(_Tp&&) [with _Tp = DMA::ConnectInternalCallback(DMA::Stream)::<lambda()>&]	16	static
functional:2106:7:)>::function(_Functor) [with _Functor = DMA::ConnectInternalCallback(DMA::Stream)::<lambda()>; <template-parameter-2-2> = void; <template-parameter-2-3> = void; _Res = void; _ArgTypes = {}]	24	static
move.h:101:5:constexpr typename std::remove_reference< <template-parameter-1-1> >::type&& std::move(_Tp&&) [with _Tp = DMA::ConnectInternalCallback(DMA::Stream)::<lambda()>&]	16	static
functional:2106:7:)>::function(_Functor) [with _Functor = DMA::ConnectInternalCallback(DMA::Stream)::<lambda()>; <template-parameter-2-2> = void; <template-parameter-2-3> = void; _Res = void; _ArgTypes = {}]	24	static
move.h:101:5:constexpr typename std::remove_reference< <template-parameter-1-1> >::type&& std::move(_Tp&&) [with _Tp = DMA::ConnectInternalCallback(DMA::Stream)::<lambda()>&]	16	static
functional:2106:7:)>::function(_Functor) [with _Functor = DMA::ConnectInternalCallback(DMA::Stream)::<lambda()>; <template-parameter-2-2> = void; <template-parameter-2-3> = void; _Res = void; _ArgTypes = {}]	24	static
move.h:101:5:constexpr typename std::remove_reference< <template-parameter-1-1> >::type&& std::move(_Tp&&) [with _Tp = DMA::ConnectInternalCallback(DMA::Stream)::<lambda()>&]	16	static
functional:2106:7:)>::function(_Functor) [with _Functor = DMA::ConnectInternalCallback(DMA::Stream)::<lambda()>; <template-parameter-2-2> = void; <template-parameter-2-3> = void; _Res = void; _ArgTypes = {}]	24	static
move.h:101:5:constexpr typename std::remove_reference< <template-parameter-1-1> >::type&& std::move(_Tp&&) [with _Tp = DMA::ConnectInternalCallback(DMA::Stream)::<lambda()>&]	16	static
functional:2106:7:)>::function(_Functor) [with _Functor = DMA::ConnectInternalCallback(DMA::Stream)::<lambda()>; <template-parameter-2-2> = void; <template-parameter-2-3> = void; _Res = void; _ArgTypes = {}]	24	static
move.h:101:5:constexpr typename std::remove_reference< <template-parameter-1-1> >::type&& std::move(_Tp&&) [with _Tp = DMA::ConnectInternalCallback(DMA::Stream)::<lambda()>&]	16	static
functional:2106:7:)>::function(_Functor) [with _Functor = DMA::ConnectInternalCallback(DMA::Stream)::<lambda()>; <template-parameter-2-2> = void; <template-parameter-2-3> = void; _Res = void; _ArgTypes = {}]	24	static
move.h:101:5:constexpr typename std::remove_reference< <template-parameter-1-1> >::type&& std::move(_Tp&&) [with _Tp = DMA::ConnectInternalCallback(DMA::Stream)::<lambda()>&]	16	static
functional:2106:7:)>::function(_Functor) [with _Functor = DMA::ConnectInternalCallback(DMA::Stream)::<lambda()>; <template-parameter-2-2> = void; <template-parameter-2-3> = void; _Res = void; _ArgTypes = {}]	24	static
functional:1637:4:static bool std::_Function_base::_Base_manager<_Functor>::_M_not_empty_function(const _Tp&) [with _Tp = DMA::ConnectInternalCallback(DMA::Stream)::<lambda()>; _Functor = DMA::ConnectInternalCallback(DMA::Stream)::<lambda()>]	16	static
functional:1617:2:static void std::_Function_base::_Base_manager<_Functor>::_M_init_functor(std::_Any_data&, _Functor&&) [with _Functor = DMA::ConnectInternalCallback(DMA::Stream)::<lambda()>]	32	static
functional:1729:7:) [with _Functor = DMA::ConnectInternalCallback(DMA::Stream)::<lambda()>; _ArgTypes = {}]	16	static
functional:1591:2:static bool std::_Function_base::_Base_manager<_Functor>::_M_manager(std::_Any_data&, const std::_Any_data&, std::_Manager_operation) [with _Functor = DMA::ConnectInternalCallback(DMA::Stream)::<lambda()>]	40	static
move.h:101:5:constexpr typename std::remove_reference< <template-parameter-1-1> >::type&& std::move(_Tp&&) [with _Tp = std::_Any_data&]	16	static
move.h:179:5:typename std::enable_if<std::__and_<std::is_move_constructible<_Tp>, std::is_move_assignable<_Tp> >::value>::type std::swap(_Tp&, _Tp&) [with _Tp = std::_Any_data]	24	static
move.h:101:5:constexpr typename std::remove_reference< <template-parameter-1-1> >::type&& std::move(_Tp&&) [with _Tp = bool (*&)(std::_Any_data&, const std::_Any_data&, std::_Manager_operation)]	16	static
move.h:179:5:typename std::enable_if<std::__and_<std::is_move_constructible<_Tp>, std::is_move_assignable<_Tp> >::value>::type std::swap(_Tp&, _Tp&) [with _Tp = bool (*)(std::_Any_data&, const std::_Any_data&, std::_Manager_operation)]	24	static
move.h:101:5:constexpr typename std::remove_reference< <template-parameter-1-1> >::type&& std::move(_Tp&&) [with _Tp = void (*&)(const std::_Any_data&)]	16	static
move.h:179:5:typename std::enable_if<std::__and_<std::is_move_constructible<_Tp>, std::is_move_assignable<_Tp> >::value>::type std::swap(_Tp&, _Tp&) [with _Tp = void (*)(const std::_Any_data&)]	24	static
functional:1637:4:static bool std::_Function_base::_Base_manager<_Functor>::_M_not_empty_function(const _Tp&) [with _Tp = DMA::ConnectInternalCallback(DMA::Stream)::<lambda()>; _Functor = DMA::ConnectInternalCallback(DMA::Stream)::<lambda()>]	16	static
functional:1617:2:static void std::_Function_base::_Base_manager<_Functor>::_M_init_functor(std::_Any_data&, _Functor&&) [with _Functor = DMA::ConnectInternalCallback(DMA::Stream)::<lambda()>]	32	static
functional:1729:7:) [with _Functor = DMA::ConnectInternalCallback(DMA::Stream)::<lambda()>; _ArgTypes = {}]	16	static
functional:1591:2:static bool std::_Function_base::_Base_manager<_Functor>::_M_manager(std::_Any_data&, const std::_Any_data&, std::_Manager_operation) [with _Functor = DMA::ConnectInternalCallback(DMA::Stream)::<lambda()>]	40	static
functional:1637:4:static bool std::_Function_base::_Base_manager<_Functor>::_M_not_empty_function(const _Tp&) [with _Tp = DMA::ConnectInternalCallback(DMA::Stream)::<lambda()>; _Functor = DMA::ConnectInternalCallback(DMA::Stream)::<lambda()>]	16	static
functional:1617:2:static void std::_Function_base::_Base_manager<_Functor>::_M_init_functor(std::_Any_data&, _Functor&&) [with _Functor = DMA::ConnectInternalCallback(DMA::Stream)::<lambda()>]	32	static
functional:1729:7:) [with _Functor = DMA::ConnectInternalCallback(DMA::Stream)::<lambda()>; _ArgTypes = {}]	16	static
functional:1591:2:static bool std::_Function_base::_Base_manager<_Functor>::_M_manager(std::_Any_data&, const std::_Any_data&, std::_Manager_operation) [with _Functor = DMA::ConnectInternalCallback(DMA::Stream)::<lambda()>]	40	static
functional:1637:4:static bool std::_Function_base::_Base_manager<_Functor>::_M_not_empty_function(const _Tp&) [with _Tp = DMA::ConnectInternalCallback(DMA::Stream)::<lambda()>; _Functor = DMA::ConnectInternalCallback(DMA::Stream)::<lambda()>]	16	static
functional:1617:2:static void std::_Function_base::_Base_manager<_Functor>::_M_init_functor(std::_Any_data&, _Functor&&) [with _Functor = DMA::ConnectInternalCallback(DMA::Stream)::<lambda()>]	32	static
functional:1729:7:) [with _Functor = DMA::ConnectInternalCallback(DMA::Stream)::<lambda()>; _ArgTypes = {}]	16	static
functional:1591:2:static bool std::_Function_base::_Base_manager<_Functor>::_M_manager(std::_Any_data&, const std::_Any_data&, std::_Manager_operation) [with _Functor = DMA::ConnectInternalCallback(DMA::Stream)::<lambda()>]	40	static
functional:1637:4:static bool std::_Function_base::_Base_manager<_Functor>::_M_not_empty_function(const _Tp&) [with _Tp = DMA::ConnectInternalCallback(DMA::Stream)::<lambda()>; _Functor = DMA::ConnectInternalCallback(DMA::Stream)::<lambda()>]	16	static
functional:1617:2:static void std::_Function_base::_Base_manager<_Functor>::_M_init_functor(std::_Any_data&, _Functor&&) [with _Functor = DMA::ConnectInternalCallback(DMA::Stream)::<lambda()>]	32	static
functional:1729:7:) [with _Functor = DMA::ConnectInternalCallback(DMA::Stream)::<lambda()>; _ArgTypes = {}]	16	static
functional:1591:2:static bool std::_Function_base::_Base_manager<_Functor>::_M_manager(std::_Any_data&, const std::_Any_data&, std::_Manager_operation) [with _Functor = DMA::ConnectInternalCallback(DMA::Stream)::<lambda()>]	40	static
functional:1637:4:static bool std::_Function_base::_Base_manager<_Functor>::_M_not_empty_function(const _Tp&) [with _Tp = DMA::ConnectInternalCallback(DMA::Stream)::<lambda()>; _Functor = DMA::ConnectInternalCallback(DMA::Stream)::<lambda()>]	16	static
functional:1617:2:static void std::_Function_base::_Base_manager<_Functor>::_M_init_functor(std::_Any_data&, _Functor&&) [with _Functor = DMA::ConnectInternalCallback(DMA::Stream)::<lambda()>]	32	static
functional:1729:7:) [with _Functor = DMA::ConnectInternalCallback(DMA::Stream)::<lambda()>; _ArgTypes = {}]	16	static
functional:1591:2:static bool std::_Function_base::_Base_manager<_Functor>::_M_manager(std::_Any_data&, const std::_Any_data&, std::_Manager_operation) [with _Functor = DMA::ConnectInternalCallback(DMA::Stream)::<lambda()>]	40	static
functional:1637:4:static bool std::_Function_base::_Base_manager<_Functor>::_M_not_empty_function(const _Tp&) [with _Tp = DMA::ConnectInternalCallback(DMA::Stream)::<lambda()>; _Functor = DMA::ConnectInternalCallback(DMA::Stream)::<lambda()>]	16	static
functional:1617:2:static void std::_Function_base::_Base_manager<_Functor>::_M_init_functor(std::_Any_data&, _Functor&&) [with _Functor = DMA::ConnectInternalCallback(DMA::Stream)::<lambda()>]	32	static
functional:1729:7:) [with _Functor = DMA::ConnectInternalCallback(DMA::Stream)::<lambda()>; _ArgTypes = {}]	16	static
functional:1591:2:static bool std::_Function_base::_Base_manager<_Functor>::_M_manager(std::_Any_data&, const std::_Any_data&, std::_Manager_operation) [with _Functor = DMA::ConnectInternalCallback(DMA::Stream)::<lambda()>]	40	static
functional:1637:4:static bool std::_Function_base::_Base_manager<_Functor>::_M_not_empty_function(const _Tp&) [with _Tp = DMA::ConnectInternalCallback(DMA::Stream)::<lambda()>; _Functor = DMA::ConnectInternalCallback(DMA::Stream)::<lambda()>]	16	static
functional:1617:2:static void std::_Function_base::_Base_manager<_Functor>::_M_init_functor(std::_Any_data&, _Functor&&) [with _Functor = DMA::ConnectInternalCallback(DMA::Stream)::<lambda()>]	32	static
functional:1729:7:) [with _Functor = DMA::ConnectInternalCallback(DMA::Stream)::<lambda()>; _ArgTypes = {}]	16	static
functional:1591:2:static bool std::_Function_base::_Base_manager<_Functor>::_M_manager(std::_Any_data&, const std::_Any_data&, std::_Manager_operation) [with _Functor = DMA::ConnectInternalCallback(DMA::Stream)::<lambda()>]	40	static
functional:1637:4:static bool std::_Function_base::_Base_manager<_Functor>::_M_not_empty_function(const _Tp&) [with _Tp = DMA::ConnectInternalCallback(DMA::Stream)::<lambda()>; _Functor = DMA::ConnectInternalCallback(DMA::Stream)::<lambda()>]	16	static
functional:1617:2:static void std::_Function_base::_Base_manager<_Functor>::_M_init_functor(std::_Any_data&, _Functor&&) [with _Functor = DMA::ConnectInternalCallback(DMA::Stream)::<lambda()>]	32	static
functional:1729:7:) [with _Functor = DMA::ConnectInternalCallback(DMA::Stream)::<lambda()>; _ArgTypes = {}]	16	static
functional:1591:2:static bool std::_Function_base::_Base_manager<_Functor>::_M_manager(std::_Any_data&, const std::_Any_data&, std::_Manager_operation) [with _Functor = DMA::ConnectInternalCallback(DMA::Stream)::<lambda()>]	40	static
functional:1637:4:static bool std::_Function_base::_Base_manager<_Functor>::_M_not_empty_function(const _Tp&) [with _Tp = DMA::ConnectInternalCallback(DMA::Stream)::<lambda()>; _Functor = DMA::ConnectInternalCallback(DMA::Stream)::<lambda()>]	16	static
functional:1617:2:static void std::_Function_base::_Base_manager<_Functor>::_M_init_functor(std::_Any_data&, _Functor&&) [with _Functor = DMA::ConnectInternalCallback(DMA::Stream)::<lambda()>]	32	static
functional:1729:7:) [with _Functor = DMA::ConnectInternalCallback(DMA::Stream)::<lambda()>; _ArgTypes = {}]	16	static
functional:1591:2:static bool std::_Function_base::_Base_manager<_Functor>::_M_manager(std::_Any_data&, const std::_Any_data&, std::_Manager_operation) [with _Functor = DMA::ConnectInternalCallback(DMA::Stream)::<lambda()>]	40	static
functional:1637:4:static bool std::_Function_base::_Base_manager<_Functor>::_M_not_empty_function(const _Tp&) [with _Tp = DMA::ConnectInternalCallback(DMA::Stream)::<lambda()>; _Functor = DMA::ConnectInternalCallback(DMA::Stream)::<lambda()>]	16	static
functional:1617:2:static void std::_Function_base::_Base_manager<_Functor>::_M_init_functor(std::_Any_data&, _Functor&&) [with _Functor = DMA::ConnectInternalCallback(DMA::Stream)::<lambda()>]	32	static
functional:1729:7:) [with _Functor = DMA::ConnectInternalCallback(DMA::Stream)::<lambda()>; _ArgTypes = {}]	16	static
functional:1591:2:static bool std::_Function_base::_Base_manager<_Functor>::_M_manager(std::_Any_data&, const std::_Any_data&, std::_Manager_operation) [with _Functor = DMA::ConnectInternalCallback(DMA::Stream)::<lambda()>]	40	static
functional:1637:4:static bool std::_Function_base::_Base_manager<_Functor>::_M_not_empty_function(const _Tp&) [with _Tp = DMA::ConnectInternalCallback(DMA::Stream)::<lambda()>; _Functor = DMA::ConnectInternalCallback(DMA::Stream)::<lambda()>]	16	static
functional:1617:2:static void std::_Function_base::_Base_manager<_Functor>::_M_init_functor(std::_Any_data&, _Functor&&) [with _Functor = DMA::ConnectInternalCallback(DMA::Stream)::<lambda()>]	32	static
functional:1729:7:) [with _Functor = DMA::ConnectInternalCallback(DMA::Stream)::<lambda()>; _ArgTypes = {}]	16	static
functional:1591:2:static bool std::_Function_base::_Base_manager<_Functor>::_M_manager(std::_Any_data&, const std::_Any_data&, std::_Manager_operation) [with _Functor = DMA::ConnectInternalCallback(DMA::Stream)::<lambda()>]	40	static
functional:1637:4:static bool std::_Function_base::_Base_manager<_Functor>::_M_not_empty_function(const _Tp&) [with _Tp = DMA::ConnectInternalCallback(DMA::Stream)::<lambda()>; _Functor = DMA::ConnectInternalCallback(DMA::Stream)::<lambda()>]	16	static
functional:1617:2:static void std::_Function_base::_Base_manager<_Functor>::_M_init_functor(std::_Any_data&, _Functor&&) [with _Functor = DMA::ConnectInternalCallback(DMA::Stream)::<lambda()>]	32	static
functional:1729:7:) [with _Functor = DMA::ConnectInternalCallback(DMA::Stream)::<lambda()>; _ArgTypes = {}]	16	static
functional:1591:2:static bool std::_Function_base::_Base_manager<_Functor>::_M_manager(std::_Any_data&, const std::_Any_data&, std::_Manager_operation) [with _Functor = DMA::ConnectInternalCallback(DMA::Stream)::<lambda()>]	40	static
functional:1637:4:static bool std::_Function_base::_Base_manager<_Functor>::_M_not_empty_function(const _Tp&) [with _Tp = DMA::ConnectInternalCallback(DMA::Stream)::<lambda()>; _Functor = DMA::ConnectInternalCallback(DMA::Stream)::<lambda()>]	16	static
functional:1617:2:static void std::_Function_base::_Base_manager<_Functor>::_M_init_functor(std::_Any_data&, _Functor&&) [with _Functor = DMA::ConnectInternalCallback(DMA::Stream)::<lambda()>]	32	static
functional:1729:7:) [with _Functor = DMA::ConnectInternalCallback(DMA::Stream)::<lambda()>; _ArgTypes = {}]	16	static
functional:1591:2:static bool std::_Function_base::_Base_manager<_Functor>::_M_manager(std::_Any_data&, const std::_Any_data&, std::_Manager_operation) [with _Functor = DMA::ConnectInternalCallback(DMA::Stream)::<lambda()>]	40	static
functional:1637:4:static bool std::_Function_base::_Base_manager<_Functor>::_M_not_empty_function(const _Tp&) [with _Tp = DMA::ConnectInternalCallback(DMA::Stream)::<lambda()>; _Functor = DMA::ConnectInternalCallback(DMA::Stream)::<lambda()>]	16	static
functional:1617:2:static void std::_Function_base::_Base_manager<_Functor>::_M_init_functor(std::_Any_data&, _Functor&&) [with _Functor = DMA::ConnectInternalCallback(DMA::Stream)::<lambda()>]	32	static
functional:1729:7:) [with _Functor = DMA::ConnectInternalCallback(DMA::Stream)::<lambda()>; _ArgTypes = {}]	16	static
functional:1591:2:static bool std::_Function_base::_Base_manager<_Functor>::_M_manager(std::_Any_data&, const std::_Any_data&, std::_Manager_operation) [with _Functor = DMA::ConnectInternalCallback(DMA::Stream)::<lambda()>]	40	static
functional:1637:4:static bool std::_Function_base::_Base_manager<_Functor>::_M_not_empty_function(const _Tp&) [with _Tp = DMA::ConnectInternalCallback(DMA::Stream)::<lambda()>; _Functor = DMA::ConnectInternalCallback(DMA::Stream)::<lambda()>]	16	static
functional:1617:2:static void std::_Function_base::_Base_manager<_Functor>::_M_init_functor(std::_Any_data&, _Functor&&) [with _Functor = DMA::ConnectInternalCallback(DMA::Stream)::<lambda()>]	32	static
functional:1729:7:) [with _Functor = DMA::ConnectInternalCallback(DMA::Stream)::<lambda()>; _ArgTypes = {}]	16	static
functional:1591:2:static bool std::_Function_base::_Base_manager<_Functor>::_M_manager(std::_Any_data&, const std::_Any_data&, std::_Manager_operation) [with _Functor = DMA::ConnectInternalCallback(DMA::Stream)::<lambda()>]	40	static
functional:1642:2:static void std::_Function_base::_Base_manager<_Functor>::_M_init_functor(std::_Any_data&, _Functor&&, std::true_type) [with _Functor = DMA::ConnectInternalCallback(DMA::Stream)::<lambda()>]	32	static
functional:1549:2:static _Functor* std::_Function_base::_Base_manager<_Functor>::_M_get_pointer(const std::_Any_data&) [with _Functor = DMA::ConnectInternalCallback(DMA::Stream)::<lambda()>]	24	static
functional:1463:7:_Tp& std::_Any_data::_M_access() [with _Tp = DMA::ConnectInternalCallback(DMA::Stream)::<lambda()>*]	16	static
functional:1560:2:static void std::_Function_base::_Base_manager<_Functor>::_M_clone(std::_Any_data&, const std::_Any_data&, std::true_type) [with _Functor = DMA::ConnectInternalCallback(DMA::Stream)::<lambda()>]	32	static
functional:1577:2:static void std::_Function_base::_Base_manager<_Functor>::_M_destroy(std::_Any_data&, std::true_type) [with _Functor = DMA::ConnectInternalCallback(DMA::Stream)::<lambda()>]	16	static
functional:1642:2:static void std::_Function_base::_Base_manager<_Functor>::_M_init_functor(std::_Any_data&, _Functor&&, std::true_type) [with _Functor = DMA::ConnectInternalCallback(DMA::Stream)::<lambda()>]	32	static
functional:1549:2:static _Functor* std::_Function_base::_Base_manager<_Functor>::_M_get_pointer(const std::_Any_data&) [with _Functor = DMA::ConnectInternalCallback(DMA::Stream)::<lambda()>]	24	static
functional:1463:7:_Tp& std::_Any_data::_M_access() [with _Tp = DMA::ConnectInternalCallback(DMA::Stream)::<lambda()>*]	16	static
functional:1560:2:static void std::_Function_base::_Base_manager<_Functor>::_M_clone(std::_Any_data&, const std::_Any_data&, std::true_type) [with _Functor = DMA::ConnectInternalCallback(DMA::Stream)::<lambda()>]	32	static
functional:1577:2:static void std::_Function_base::_Base_manager<_Functor>::_M_destroy(std::_Any_data&, std::true_type) [with _Functor = DMA::ConnectInternalCallback(DMA::Stream)::<lambda()>]	16	static
functional:1642:2:static void std::_Function_base::_Base_manager<_Functor>::_M_init_functor(std::_Any_data&, _Functor&&, std::true_type) [with _Functor = DMA::ConnectInternalCallback(DMA::Stream)::<lambda()>]	32	static
functional:1549:2:static _Functor* std::_Function_base::_Base_manager<_Functor>::_M_get_pointer(const std::_Any_data&) [with _Functor = DMA::ConnectInternalCallback(DMA::Stream)::<lambda()>]	24	static
functional:1463:7:_Tp& std::_Any_data::_M_access() [with _Tp = DMA::ConnectInternalCallback(DMA::Stream)::<lambda()>*]	16	static
functional:1560:2:static void std::_Function_base::_Base_manager<_Functor>::_M_clone(std::_Any_data&, const std::_Any_data&, std::true_type) [with _Functor = DMA::ConnectInternalCallback(DMA::Stream)::<lambda()>]	32	static
functional:1577:2:static void std::_Function_base::_Base_manager<_Functor>::_M_destroy(std::_Any_data&, std::true_type) [with _Functor = DMA::ConnectInternalCallback(DMA::Stream)::<lambda()>]	16	static
functional:1642:2:static void std::_Function_base::_Base_manager<_Functor>::_M_init_functor(std::_Any_data&, _Functor&&, std::true_type) [with _Functor = DMA::ConnectInternalCallback(DMA::Stream)::<lambda()>]	32	static
functional:1549:2:static _Functor* std::_Function_base::_Base_manager<_Functor>::_M_get_pointer(const std::_Any_data&) [with _Functor = DMA::ConnectInternalCallback(DMA::Stream)::<lambda()>]	24	static
functional:1463:7:_Tp& std::_Any_data::_M_access() [with _Tp = DMA::ConnectInternalCallback(DMA::Stream)::<lambda()>*]	16	static
functional:1560:2:static void std::_Function_base::_Base_manager<_Functor>::_M_clone(std::_Any_data&, const std::_Any_data&, std::true_type) [with _Functor = DMA::ConnectInternalCallback(DMA::Stream)::<lambda()>]	32	static
functional:1577:2:static void std::_Function_base::_Base_manager<_Functor>::_M_destroy(std::_Any_data&, std::true_type) [with _Functor = DMA::ConnectInternalCallback(DMA::Stream)::<lambda()>]	16	static
functional:1642:2:static void std::_Function_base::_Base_manager<_Functor>::_M_init_functor(std::_Any_data&, _Functor&&, std::true_type) [with _Functor = DMA::ConnectInternalCallback(DMA::Stream)::<lambda()>]	32	static
functional:1549:2:static _Functor* std::_Function_base::_Base_manager<_Functor>::_M_get_pointer(const std::_Any_data&) [with _Functor = DMA::ConnectInternalCallback(DMA::Stream)::<lambda()>]	24	static
functional:1463:7:_Tp& std::_Any_data::_M_access() [with _Tp = DMA::ConnectInternalCallback(DMA::Stream)::<lambda()>*]	16	static
functional:1560:2:static void std::_Function_base::_Base_manager<_Functor>::_M_clone(std::_Any_data&, const std::_Any_data&, std::true_type) [with _Functor = DMA::ConnectInternalCallback(DMA::Stream)::<lambda()>]	32	static
functional:1577:2:static void std::_Function_base::_Base_manager<_Functor>::_M_destroy(std::_Any_data&, std::true_type) [with _Functor = DMA::ConnectInternalCallback(DMA::Stream)::<lambda()>]	16	static
functional:1642:2:static void std::_Function_base::_Base_manager<_Functor>::_M_init_functor(std::_Any_data&, _Functor&&, std::true_type) [with _Functor = DMA::ConnectInternalCallback(DMA::Stream)::<lambda()>]	32	static
functional:1549:2:static _Functor* std::_Function_base::_Base_manager<_Functor>::_M_get_pointer(const std::_Any_data&) [with _Functor = DMA::ConnectInternalCallback(DMA::Stream)::<lambda()>]	24	static
functional:1463:7:_Tp& std::_Any_data::_M_access() [with _Tp = DMA::ConnectInternalCallback(DMA::Stream)::<lambda()>*]	16	static
functional:1560:2:static void std::_Function_base::_Base_manager<_Functor>::_M_clone(std::_Any_data&, const std::_Any_data&, std::true_type) [with _Functor = DMA::ConnectInternalCallback(DMA::Stream)::<lambda()>]	32	static
functional:1577:2:static void std::_Function_base::_Base_manager<_Functor>::_M_destroy(std::_Any_data&, std::true_type) [with _Functor = DMA::ConnectInternalCallback(DMA::Stream)::<lambda()>]	16	static
functional:1642:2:static void std::_Function_base::_Base_manager<_Functor>::_M_init_functor(std::_Any_data&, _Functor&&, std::true_type) [with _Functor = DMA::ConnectInternalCallback(DMA::Stream)::<lambda()>]	32	static
functional:1549:2:static _Functor* std::_Function_base::_Base_manager<_Functor>::_M_get_pointer(const std::_Any_data&) [with _Functor = DMA::ConnectInternalCallback(DMA::Stream)::<lambda()>]	24	static
functional:1463:7:_Tp& std::_Any_data::_M_access() [with _Tp = DMA::ConnectInternalCallback(DMA::Stream)::<lambda()>*]	16	static
functional:1560:2:static void std::_Function_base::_Base_manager<_Functor>::_M_clone(std::_Any_data&, const std::_Any_data&, std::true_type) [with _Functor = DMA::ConnectInternalCallback(DMA::Stream)::<lambda()>]	32	static
functional:1577:2:static void std::_Function_base::_Base_manager<_Functor>::_M_destroy(std::_Any_data&, std::true_type) [with _Functor = DMA::ConnectInternalCallback(DMA::Stream)::<lambda()>]	16	static
functional:1642:2:static void std::_Function_base::_Base_manager<_Functor>::_M_init_functor(std::_Any_data&, _Functor&&, std::true_type) [with _Functor = DMA::ConnectInternalCallback(DMA::Stream)::<lambda()>]	32	static
functional:1549:2:static _Functor* std::_Function_base::_Base_manager<_Functor>::_M_get_pointer(const std::_Any_data&) [with _Functor = DMA::ConnectInternalCallback(DMA::Stream)::<lambda()>]	24	static
functional:1463:7:_Tp& std::_Any_data::_M_access() [with _Tp = DMA::ConnectInternalCallback(DMA::Stream)::<lambda()>*]	16	static
functional:1560:2:static void std::_Function_base::_Base_manager<_Functor>::_M_clone(std::_Any_data&, const std::_Any_data&, std::true_type) [with _Functor = DMA::ConnectInternalCallback(DMA::Stream)::<lambda()>]	32	static
functional:1577:2:static void std::_Function_base::_Base_manager<_Functor>::_M_destroy(std::_Any_data&, std::true_type) [with _Functor = DMA::ConnectInternalCallback(DMA::Stream)::<lambda()>]	16	static
functional:1642:2:static void std::_Function_base::_Base_manager<_Functor>::_M_init_functor(std::_Any_data&, _Functor&&, std::true_type) [with _Functor = DMA::ConnectInternalCallback(DMA::Stream)::<lambda()>]	32	static
functional:1549:2:static _Functor* std::_Function_base::_Base_manager<_Functor>::_M_get_pointer(const std::_Any_data&) [with _Functor = DMA::ConnectInternalCallback(DMA::Stream)::<lambda()>]	24	static
functional:1463:7:_Tp& std::_Any_data::_M_access() [with _Tp = DMA::ConnectInternalCallback(DMA::Stream)::<lambda()>*]	16	static
functional:1560:2:static void std::_Function_base::_Base_manager<_Functor>::_M_clone(std::_Any_data&, const std::_Any_data&, std::true_type) [with _Functor = DMA::ConnectInternalCallback(DMA::Stream)::<lambda()>]	32	static
functional:1577:2:static void std::_Function_base::_Base_manager<_Functor>::_M_destroy(std::_Any_data&, std::true_type) [with _Functor = DMA::ConnectInternalCallback(DMA::Stream)::<lambda()>]	16	static
functional:1642:2:static void std::_Function_base::_Base_manager<_Functor>::_M_init_functor(std::_Any_data&, _Functor&&, std::true_type) [with _Functor = DMA::ConnectInternalCallback(DMA::Stream)::<lambda()>]	32	static
functional:1549:2:static _Functor* std::_Function_base::_Base_manager<_Functor>::_M_get_pointer(const std::_Any_data&) [with _Functor = DMA::ConnectInternalCallback(DMA::Stream)::<lambda()>]	24	static
functional:1463:7:_Tp& std::_Any_data::_M_access() [with _Tp = DMA::ConnectInternalCallback(DMA::Stream)::<lambda()>*]	16	static
functional:1560:2:static void std::_Function_base::_Base_manager<_Functor>::_M_clone(std::_Any_data&, const std::_Any_data&, std::true_type) [with _Functor = DMA::ConnectInternalCallback(DMA::Stream)::<lambda()>]	32	static
functional:1577:2:static void std::_Function_base::_Base_manager<_Functor>::_M_destroy(std::_Any_data&, std::true_type) [with _Functor = DMA::ConnectInternalCallback(DMA::Stream)::<lambda()>]	16	static
functional:1642:2:static void std::_Function_base::_Base_manager<_Functor>::_M_init_functor(std::_Any_data&, _Functor&&, std::true_type) [with _Functor = DMA::ConnectInternalCallback(DMA::Stream)::<lambda()>]	32	static
functional:1549:2:static _Functor* std::_Function_base::_Base_manager<_Functor>::_M_get_pointer(const std::_Any_data&) [with _Functor = DMA::ConnectInternalCallback(DMA::Stream)::<lambda()>]	24	static
functional:1463:7:_Tp& std::_Any_data::_M_access() [with _Tp = DMA::ConnectInternalCallback(DMA::Stream)::<lambda()>*]	16	static
functional:1560:2:static void std::_Function_base::_Base_manager<_Functor>::_M_clone(std::_Any_data&, const std::_Any_data&, std::true_type) [with _Functor = DMA::ConnectInternalCallback(DMA::Stream)::<lambda()>]	32	static
functional:1577:2:static void std::_Function_base::_Base_manager<_Functor>::_M_destroy(std::_Any_data&, std::true_type) [with _Functor = DMA::ConnectInternalCallback(DMA::Stream)::<lambda()>]	16	static
functional:1642:2:static void std::_Function_base::_Base_manager<_Functor>::_M_init_functor(std::_Any_data&, _Functor&&, std::true_type) [with _Functor = DMA::ConnectInternalCallback(DMA::Stream)::<lambda()>]	32	static
functional:1549:2:static _Functor* std::_Function_base::_Base_manager<_Functor>::_M_get_pointer(const std::_Any_data&) [with _Functor = DMA::ConnectInternalCallback(DMA::Stream)::<lambda()>]	24	static
functional:1463:7:_Tp& std::_Any_data::_M_access() [with _Tp = DMA::ConnectInternalCallback(DMA::Stream)::<lambda()>*]	16	static
functional:1560:2:static void std::_Function_base::_Base_manager<_Functor>::_M_clone(std::_Any_data&, const std::_Any_data&, std::true_type) [with _Functor = DMA::ConnectInternalCallback(DMA::Stream)::<lambda()>]	32	static
functional:1577:2:static void std::_Function_base::_Base_manager<_Functor>::_M_destroy(std::_Any_data&, std::true_type) [with _Functor = DMA::ConnectInternalCallback(DMA::Stream)::<lambda()>]	16	static
functional:1642:2:static void std::_Function_base::_Base_manager<_Functor>::_M_init_functor(std::_Any_data&, _Functor&&, std::true_type) [with _Functor = DMA::ConnectInternalCallback(DMA::Stream)::<lambda()>]	32	static
functional:1549:2:static _Functor* std::_Function_base::_Base_manager<_Functor>::_M_get_pointer(const std::_Any_data&) [with _Functor = DMA::ConnectInternalCallback(DMA::Stream)::<lambda()>]	24	static
functional:1463:7:_Tp& std::_Any_data::_M_access() [with _Tp = DMA::ConnectInternalCallback(DMA::Stream)::<lambda()>*]	16	static
functional:1560:2:static void std::_Function_base::_Base_manager<_Functor>::_M_clone(std::_Any_data&, const std::_Any_data&, std::true_type) [with _Functor = DMA::ConnectInternalCallback(DMA::Stream)::<lambda()>]	32	static
functional:1577:2:static void std::_Function_base::_Base_manager<_Functor>::_M_destroy(std::_Any_data&, std::true_type) [with _Functor = DMA::ConnectInternalCallback(DMA::Stream)::<lambda()>]	16	static
functional:1642:2:static void std::_Function_base::_Base_manager<_Functor>::_M_init_functor(std::_Any_data&, _Functor&&, std::true_type) [with _Functor = DMA::ConnectInternalCallback(DMA::Stream)::<lambda()>]	32	static
functional:1549:2:static _Functor* std::_Function_base::_Base_manager<_Functor>::_M_get_pointer(const std::_Any_data&) [with _Functor = DMA::ConnectInternalCallback(DMA::Stream)::<lambda()>]	24	static
functional:1463:7:_Tp& std::_Any_data::_M_access() [with _Tp = DMA::ConnectInternalCallback(DMA::Stream)::<lambda()>*]	16	static
functional:1560:2:static void std::_Function_base::_Base_manager<_Functor>::_M_clone(std::_Any_data&, const std::_Any_data&, std::true_type) [with _Functor = DMA::ConnectInternalCallback(DMA::Stream)::<lambda()>]	32	static
functional:1577:2:static void std::_Function_base::_Base_manager<_Functor>::_M_destroy(std::_Any_data&, std::true_type) [with _Functor = DMA::ConnectInternalCallback(DMA::Stream)::<lambda()>]	16	static
functional:1642:2:static void std::_Function_base::_Base_manager<_Functor>::_M_init_functor(std::_Any_data&, _Functor&&, std::true_type) [with _Functor = DMA::ConnectInternalCallback(DMA::Stream)::<lambda()>]	32	static
functional:1549:2:static _Functor* std::_Function_base::_Base_manager<_Functor>::_M_get_pointer(const std::_Any_data&) [with _Functor = DMA::ConnectInternalCallback(DMA::Stream)::<lambda()>]	24	static
functional:1463:7:_Tp& std::_Any_data::_M_access() [with _Tp = DMA::ConnectInternalCallback(DMA::Stream)::<lambda()>*]	16	static
functional:1560:2:static void std::_Function_base::_Base_manager<_Functor>::_M_clone(std::_Any_data&, const std::_Any_data&, std::true_type) [with _Functor = DMA::ConnectInternalCallback(DMA::Stream)::<lambda()>]	32	static
functional:1577:2:static void std::_Function_base::_Base_manager<_Functor>::_M_destroy(std::_Any_data&, std::true_type) [with _Functor = DMA::ConnectInternalCallback(DMA::Stream)::<lambda()>]	16	static
functional:1642:2:static void std::_Function_base::_Base_manager<_Functor>::_M_init_functor(std::_Any_data&, _Functor&&, std::true_type) [with _Functor = DMA::ConnectInternalCallback(DMA::Stream)::<lambda()>]	32	static
functional:1549:2:static _Functor* std::_Function_base::_Base_manager<_Functor>::_M_get_pointer(const std::_Any_data&) [with _Functor = DMA::ConnectInternalCallback(DMA::Stream)::<lambda()>]	24	static
functional:1463:7:_Tp& std::_Any_data::_M_access() [with _Tp = DMA::ConnectInternalCallback(DMA::Stream)::<lambda()>*]	16	static
functional:1560:2:static void std::_Function_base::_Base_manager<_Functor>::_M_clone(std::_Any_data&, const std::_Any_data&, std::true_type) [with _Functor = DMA::ConnectInternalCallback(DMA::Stream)::<lambda()>]	32	static
functional:1577:2:static void std::_Function_base::_Base_manager<_Functor>::_M_destroy(std::_Any_data&, std::true_type) [with _Functor = DMA::ConnectInternalCallback(DMA::Stream)::<lambda()>]	16	static
functional:1468:7:const _Tp& std::_Any_data::_M_access() const [with _Tp = DMA::ConnectInternalCallback(DMA::Stream)::<lambda()>]	16	static
move.h:47:5:_Tp* std::__addressof(_Tp&) [with _Tp = const DMA::ConnectInternalCallback(DMA::Stream)::<lambda()>]	16	static
functional:1463:7:_Tp& std::_Any_data::_M_access() [with _Tp = DMA::ConnectInternalCallback(DMA::Stream)::<lambda()>]	16	static
functional:1468:7:const _Tp& std::_Any_data::_M_access() const [with _Tp = DMA::ConnectInternalCallback(DMA::Stream)::<lambda()>]	16	static
move.h:47:5:_Tp* std::__addressof(_Tp&) [with _Tp = const DMA::ConnectInternalCallback(DMA::Stream)::<lambda()>]	16	static
functional:1463:7:_Tp& std::_Any_data::_M_access() [with _Tp = DMA::ConnectInternalCallback(DMA::Stream)::<lambda()>]	16	static
functional:1468:7:const _Tp& std::_Any_data::_M_access() const [with _Tp = DMA::ConnectInternalCallback(DMA::Stream)::<lambda()>]	16	static
move.h:47:5:_Tp* std::__addressof(_Tp&) [with _Tp = const DMA::ConnectInternalCallback(DMA::Stream)::<lambda()>]	16	static
functional:1463:7:_Tp& std::_Any_data::_M_access() [with _Tp = DMA::ConnectInternalCallback(DMA::Stream)::<lambda()>]	16	static
functional:1468:7:const _Tp& std::_Any_data::_M_access() const [with _Tp = DMA::ConnectInternalCallback(DMA::Stream)::<lambda()>]	16	static
move.h:47:5:_Tp* std::__addressof(_Tp&) [with _Tp = const DMA::ConnectInternalCallback(DMA::Stream)::<lambda()>]	16	static
functional:1463:7:_Tp& std::_Any_data::_M_access() [with _Tp = DMA::ConnectInternalCallback(DMA::Stream)::<lambda()>]	16	static
functional:1468:7:const _Tp& std::_Any_data::_M_access() const [with _Tp = DMA::ConnectInternalCallback(DMA::Stream)::<lambda()>]	16	static
move.h:47:5:_Tp* std::__addressof(_Tp&) [with _Tp = const DMA::ConnectInternalCallback(DMA::Stream)::<lambda()>]	16	static
functional:1463:7:_Tp& std::_Any_data::_M_access() [with _Tp = DMA::ConnectInternalCallback(DMA::Stream)::<lambda()>]	16	static
functional:1468:7:const _Tp& std::_Any_data::_M_access() const [with _Tp = DMA::ConnectInternalCallback(DMA::Stream)::<lambda()>]	16	static
move.h:47:5:_Tp* std::__addressof(_Tp&) [with _Tp = const DMA::ConnectInternalCallback(DMA::Stream)::<lambda()>]	16	static
functional:1463:7:_Tp& std::_Any_data::_M_access() [with _Tp = DMA::ConnectInternalCallback(DMA::Stream)::<lambda()>]	16	static
functional:1468:7:const _Tp& std::_Any_data::_M_access() const [with _Tp = DMA::ConnectInternalCallback(DMA::Stream)::<lambda()>]	16	static
move.h:47:5:_Tp* std::__addressof(_Tp&) [with _Tp = const DMA::ConnectInternalCallback(DMA::Stream)::<lambda()>]	16	static
functional:1463:7:_Tp& std::_Any_data::_M_access() [with _Tp = DMA::ConnectInternalCallback(DMA::Stream)::<lambda()>]	16	static
functional:1468:7:const _Tp& std::_Any_data::_M_access() const [with _Tp = DMA::ConnectInternalCallback(DMA::Stream)::<lambda()>]	16	static
move.h:47:5:_Tp* std::__addressof(_Tp&) [with _Tp = const DMA::ConnectInternalCallback(DMA::Stream)::<lambda()>]	16	static
functional:1463:7:_Tp& std::_Any_data::_M_access() [with _Tp = DMA::ConnectInternalCallback(DMA::Stream)::<lambda()>]	16	static
functional:1468:7:const _Tp& std::_Any_data::_M_access() const [with _Tp = DMA::ConnectInternalCallback(DMA::Stream)::<lambda()>]	16	static
move.h:47:5:_Tp* std::__addressof(_Tp&) [with _Tp = const DMA::ConnectInternalCallback(DMA::Stream)::<lambda()>]	16	static
functional:1463:7:_Tp& std::_Any_data::_M_access() [with _Tp = DMA::ConnectInternalCallback(DMA::Stream)::<lambda()>]	16	static
functional:1468:7:const _Tp& std::_Any_data::_M_access() const [with _Tp = DMA::ConnectInternalCallback(DMA::Stream)::<lambda()>]	16	static
move.h:47:5:_Tp* std::__addressof(_Tp&) [with _Tp = const DMA::ConnectInternalCallback(DMA::Stream)::<lambda()>]	16	static
functional:1463:7:_Tp& std::_Any_data::_M_access() [with _Tp = DMA::ConnectInternalCallback(DMA::Stream)::<lambda()>]	16	static
functional:1468:7:const _Tp& std::_Any_data::_M_access() const [with _Tp = DMA::ConnectInternalCallback(DMA::Stream)::<lambda()>]	16	static
move.h:47:5:_Tp* std::__addressof(_Tp&) [with _Tp = const DMA::ConnectInternalCallback(DMA::Stream)::<lambda()>]	16	static
functional:1463:7:_Tp& std::_Any_data::_M_access() [with _Tp = DMA::ConnectInternalCallback(DMA::Stream)::<lambda()>]	16	static
functional:1468:7:const _Tp& std::_Any_data::_M_access() const [with _Tp = DMA::ConnectInternalCallback(DMA::Stream)::<lambda()>]	16	static
move.h:47:5:_Tp* std::__addressof(_Tp&) [with _Tp = const DMA::ConnectInternalCallback(DMA::Stream)::<lambda()>]	16	static
functional:1463:7:_Tp& std::_Any_data::_M_access() [with _Tp = DMA::ConnectInternalCallback(DMA::Stream)::<lambda()>]	16	static
functional:1468:7:const _Tp& std::_Any_data::_M_access() const [with _Tp = DMA::ConnectInternalCallback(DMA::Stream)::<lambda()>]	16	static
move.h:47:5:_Tp* std::__addressof(_Tp&) [with _Tp = const DMA::ConnectInternalCallback(DMA::Stream)::<lambda()>]	16	static
functional:1463:7:_Tp& std::_Any_data::_M_access() [with _Tp = DMA::ConnectInternalCallback(DMA::Stream)::<lambda()>]	16	static
functional:1468:7:const _Tp& std::_Any_data::_M_access() const [with _Tp = DMA::ConnectInternalCallback(DMA::Stream)::<lambda()>]	16	static
move.h:47:5:_Tp* std::__addressof(_Tp&) [with _Tp = const DMA::ConnectInternalCallback(DMA::Stream)::<lambda()>]	16	static
functional:1463:7:_Tp& std::_Any_data::_M_access() [with _Tp = DMA::ConnectInternalCallback(DMA::Stream)::<lambda()>]	16	static
functional:1468:7:const _Tp& std::_Any_data::_M_access() const [with _Tp = DMA::ConnectInternalCallback(DMA::Stream)::<lambda()>]	16	static
move.h:47:5:_Tp* std::__addressof(_Tp&) [with _Tp = const DMA::ConnectInternalCallback(DMA::Stream)::<lambda()>]	16	static
functional:1463:7:_Tp& std::_Any_data::_M_access() [with _Tp = DMA::ConnectInternalCallback(DMA::Stream)::<lambda()>]	16	static
functional:1468:7:const _Tp& std::_Any_data::_M_access() const [with _Tp = DMA::ConnectInternalCallback(DMA::Stream)::<lambda()>]	16	static
move.h:47:5:_Tp* std::__addressof(_Tp&) [with _Tp = const DMA::ConnectInternalCallback(DMA::Stream)::<lambda()>]	16	static
functional:1463:7:_Tp& std::_Any_data::_M_access() [with _Tp = DMA::ConnectInternalCallback(DMA::Stream)::<lambda()>]	16	static
DMA.cpp:472:1:void __static_initialization_and_destruction_0(int, int)	24	static
DMA.cpp:472:1:cpp)	8	static
DMA.cpp:472:1:cpp)	8	static
