Archive member included to satisfy reference by file (symbol)

c:/armgcc_toolchain/gcc-arm-none-eabi-10.3-2021.10-win32/gcc-arm-none-eabi-10.3-2021.10/bin/../lib/gcc/arm-none-eabi/10.3.1/../../../../arm-none-eabi/lib/thumb/v7e-m+fp/hard\libc_nano.a(lib_a-exit.o)
                              c:/armgcc_toolchain/gcc-arm-none-eabi-10.3-2021.10-win32/gcc-arm-none-eabi-10.3-2021.10/bin/../lib/gcc/arm-none-eabi/10.3.1/../../../../arm-none-eabi/lib/thumb/v7e-m+fp/hard/crt0.o (exit)
c:/armgcc_toolchain/gcc-arm-none-eabi-10.3-2021.10-win32/gcc-arm-none-eabi-10.3-2021.10/bin/../lib/gcc/arm-none-eabi/10.3.1/../../../../arm-none-eabi/lib/thumb/v7e-m+fp/hard\libc_nano.a(lib_a-impure.o)
                              c:/armgcc_toolchain/gcc-arm-none-eabi-10.3-2021.10-win32/gcc-arm-none-eabi-10.3-2021.10/bin/../lib/gcc/arm-none-eabi/10.3.1/../../../../arm-none-eabi/lib/thumb/v7e-m+fp/hard\libc_nano.a(lib_a-exit.o) (_global_impure_ptr)
c:/armgcc_toolchain/gcc-arm-none-eabi-10.3-2021.10-win32/gcc-arm-none-eabi-10.3-2021.10/bin/../lib/gcc/arm-none-eabi/10.3.1/../../../../arm-none-eabi/lib/thumb/v7e-m+fp/hard\libc_nano.a(lib_a-init.o)
                              c:/armgcc_toolchain/gcc-arm-none-eabi-10.3-2021.10-win32/gcc-arm-none-eabi-10.3-2021.10/bin/../lib/gcc/arm-none-eabi/10.3.1/../../../../arm-none-eabi/lib/thumb/v7e-m+fp/hard/crt0.o (__libc_init_array)
c:/armgcc_toolchain/gcc-arm-none-eabi-10.3-2021.10-win32/gcc-arm-none-eabi-10.3-2021.10/bin/../lib/gcc/arm-none-eabi/10.3.1/../../../../arm-none-eabi/lib/thumb/v7e-m+fp/hard\libc_nano.a(lib_a-malloc.o)
                              build/usbh_cdc.o (malloc)
c:/armgcc_toolchain/gcc-arm-none-eabi-10.3-2021.10-win32/gcc-arm-none-eabi-10.3-2021.10/bin/../lib/gcc/arm-none-eabi/10.3.1/../../../../arm-none-eabi/lib/thumb/v7e-m+fp/hard\libc_nano.a(lib_a-memcpy-stub.o)
                              build/queue.o (memcpy)
c:/armgcc_toolchain/gcc-arm-none-eabi-10.3-2021.10-win32/gcc-arm-none-eabi-10.3-2021.10/bin/../lib/gcc/arm-none-eabi/10.3.1/../../../../arm-none-eabi/lib/thumb/v7e-m+fp/hard\libc_nano.a(lib_a-memset.o)
                              c:/armgcc_toolchain/gcc-arm-none-eabi-10.3-2021.10-win32/gcc-arm-none-eabi-10.3-2021.10/bin/../lib/gcc/arm-none-eabi/10.3.1/../../../../arm-none-eabi/lib/thumb/v7e-m+fp/hard/crt0.o (memset)
c:/armgcc_toolchain/gcc-arm-none-eabi-10.3-2021.10-win32/gcc-arm-none-eabi-10.3-2021.10/bin/../lib/gcc/arm-none-eabi/10.3.1/../../../../arm-none-eabi/lib/thumb/v7e-m+fp/hard\libc_nano.a(lib_a-nano-freer.o)
                              c:/armgcc_toolchain/gcc-arm-none-eabi-10.3-2021.10-win32/gcc-arm-none-eabi-10.3-2021.10/bin/../lib/gcc/arm-none-eabi/10.3.1/../../../../arm-none-eabi/lib/thumb/v7e-m+fp/hard\libc_nano.a(lib_a-malloc.o) (_free_r)
c:/armgcc_toolchain/gcc-arm-none-eabi-10.3-2021.10-win32/gcc-arm-none-eabi-10.3-2021.10/bin/../lib/gcc/arm-none-eabi/10.3.1/../../../../arm-none-eabi/lib/thumb/v7e-m+fp/hard\libc_nano.a(lib_a-nano-mallocr.o)
                              c:/armgcc_toolchain/gcc-arm-none-eabi-10.3-2021.10-win32/gcc-arm-none-eabi-10.3-2021.10/bin/../lib/gcc/arm-none-eabi/10.3.1/../../../../arm-none-eabi/lib/thumb/v7e-m+fp/hard\libc_nano.a(lib_a-malloc.o) (_malloc_r)
c:/armgcc_toolchain/gcc-arm-none-eabi-10.3-2021.10-win32/gcc-arm-none-eabi-10.3-2021.10/bin/../lib/gcc/arm-none-eabi/10.3.1/../../../../arm-none-eabi/lib/thumb/v7e-m+fp/hard\libc_nano.a(lib_a-sbrkr.o)
                              c:/armgcc_toolchain/gcc-arm-none-eabi-10.3-2021.10-win32/gcc-arm-none-eabi-10.3-2021.10/bin/../lib/gcc/arm-none-eabi/10.3.1/../../../../arm-none-eabi/lib/thumb/v7e-m+fp/hard\libc_nano.a(lib_a-nano-mallocr.o) (_sbrk_r)
c:/armgcc_toolchain/gcc-arm-none-eabi-10.3-2021.10-win32/gcc-arm-none-eabi-10.3-2021.10/bin/../lib/gcc/arm-none-eabi/10.3.1/../../../../arm-none-eabi/lib/thumb/v7e-m+fp/hard\libc_nano.a(lib_a-mlock.o)
                              c:/armgcc_toolchain/gcc-arm-none-eabi-10.3-2021.10-win32/gcc-arm-none-eabi-10.3-2021.10/bin/../lib/gcc/arm-none-eabi/10.3.1/../../../../arm-none-eabi/lib/thumb/v7e-m+fp/hard\libc_nano.a(lib_a-nano-freer.o) (__malloc_lock)
c:/armgcc_toolchain/gcc-arm-none-eabi-10.3-2021.10-win32/gcc-arm-none-eabi-10.3-2021.10/bin/../lib/gcc/arm-none-eabi/10.3.1/../../../../arm-none-eabi/lib/thumb/v7e-m+fp/hard\libc_nano.a(lib_a-reent.o)
                              c:/armgcc_toolchain/gcc-arm-none-eabi-10.3-2021.10-win32/gcc-arm-none-eabi-10.3-2021.10/bin/../lib/gcc/arm-none-eabi/10.3.1/../../../../arm-none-eabi/lib/thumb/v7e-m+fp/hard\libc_nano.a(lib_a-sbrkr.o) (errno)
c:/armgcc_toolchain/gcc-arm-none-eabi-10.3-2021.10-win32/gcc-arm-none-eabi-10.3-2021.10/bin/../lib/gcc/arm-none-eabi/10.3.1/../../../../arm-none-eabi/lib/thumb/v7e-m+fp/hard\libc_nano.a(lib_a-lock.o)
[...]
Memory Configuration

Name             Origin             Length             Attributes
RAM              0x20000000         0x00030000         xrw
CCMRAM           0x10000000         0x00010000         xrw
FLASH            0x08000000         0x00200000         xr
*default*        0x00000000         0xffffffff

Linker script and memory map

LOAD c:/armgcc_toolchain/gcc-arm-none-eabi-10.3-2021.10-win32/gcc-arm-none-eabi-10.3-2021.10/bin/../lib/gcc/arm-none-eabi/10.3.1/thumb/v7e-m+fp/hard/crti.o
LOAD c:/armgcc_toolchain/gcc-arm-none-eabi-10.3-2021.10-win32/gcc-arm-none-eabi-10.3-2021.10/bin/../lib/gcc/arm-none-eabi/10.3.1/thumb/v7e-m+fp/hard/crtbegin.o
LOAD c:/armgcc_toolchain/gcc-arm-none-eabi-10.3-2021.10-win32/gcc-arm-none-eabi-10.3-2021.10/bin/../lib/gcc/arm-none-eabi/10.3.1/../../../../arm-none-eabi/lib/thumb/v7e-m+fp/hard/crt0.o
LOAD build/main.o
LOAD build/peripherals.o
LOAD build/freertos.o
LOAD build/stm32f4xx_it.o
LOAD build/stm32f4xx_hal_msp.o
LOAD build/stm32f4xx_hal_timebase_tim.o
LOAD build/usb_host.o
LOAD build/usbh_conf.o
LOAD build/usbh_platform.o
LOAD build/stm32f4xx_hal_hcd.o
LOAD build/stm32f4xx_ll_usb.o
LOAD build/stm32f4xx_hal_rcc.o
LOAD build/stm32f4xx_hal_rcc_ex.o
LOAD build/stm32f4xx_hal_flash.o
LOAD build/stm32f4xx_hal_flash_ex.o
LOAD build/stm32f4xx_hal_flash_ramfunc.o
LOAD build/stm32f4xx_hal_gpio.o
LOAD build/stm32f4xx_hal_dma_ex.o
LOAD build/stm32f4xx_hal_dma.o
LOAD build/stm32f4xx_hal_pwr.o
LOAD build/stm32f4xx_hal_pwr_ex.o
LOAD build/stm32f4xx_hal_cortex.o
LOAD build/stm32f4xx_hal.o
LOAD build/stm32f4xx_hal_exti.o
LOAD build/stm32f4xx_hal_can.o
LOAD build/stm32f4xx_hal_crc.o
LOAD build/stm32f4xx_hal_dma2d.o
LOAD build/stm32f4xx_hal_i2c.o
LOAD build/stm32f4xx_hal_i2c_ex.o
LOAD build/stm32f4xx_hal_ltdc.o
LOAD build/stm32f4xx_hal_ltdc_ex.o
LOAD build/stm32f4xx_hal_dsi.o
LOAD build/stm32f4xx_hal_spi.o
LOAD build/stm32f4xx_hal_tim.o
LOAD build/stm32f4xx_hal_tim_ex.o
LOAD build/stm32f4xx_hal_uart.o
LOAD build/system_stm32f4xx.o
LOAD build/croutine.o
LOAD build/event_groups.o
LOAD build/list.o
LOAD build/queue.o
LOAD build/stream_buffer.o
LOAD build/tasks.o
LOAD build/timers.o
LOAD build/cmsis_os.o
LOAD build/heap_4.o
LOAD build/port.o
LOAD build/usbh_core.o
LOAD build/usbh_ctlreq.o
LOAD build/usbh_ioreq.o
LOAD build/usbh_pipes.o
LOAD build/usbh_cdc.o
LOAD build/startup_stm32f429xx.o
LOAD c:/armgcc_toolchain/gcc-arm-none-eabi-10.3-2021.10-win32/gcc-arm-none-eabi-10.3-2021.10/bin/../lib/gcc/arm-none-eabi/10.3.1/../../../../arm-none-eabi/lib/thumb/v7e-m+fp/hard\libc_nano.a
LOAD c:/armgcc_toolchain/gcc-arm-none-eabi-10.3-2021.10-win32/gcc-arm-none-eabi-10.3-2021.10/bin/../lib/gcc/arm-none-eabi/10.3.1/../../../../arm-none-eabi/lib/thumb/v7e-m+fp/hard\libm.a
LOAD c:/armgcc_toolchain/gcc-arm-none-eabi-10.3-2021.10-win32/gcc-arm-none-eabi-10.3-2021.10/bin/../lib/gcc/arm-none-eabi/10.3.1/../../../../arm-none-eabi/lib/thumb/v7e-m+fp/hard\libnosys.a
START GROUP
LOAD c:/armgcc_toolchain/gcc-arm-none-eabi-10.3-2021.10-win32/gcc-arm-none-eabi-10.3-2021.10/bin/../lib/gcc/arm-none-eabi/10.3.1/thumb/v7e-m+fp/hard\libgcc.a
LOAD c:/armgcc_toolchain/gcc-arm-none-eabi-10.3-2021.10-win32/gcc-arm-none-eabi-10.3-2021.10/bin/../lib/gcc/arm-none-eabi/10.3.1/../../../../arm-none-eabi/lib/thumb/v7e-m+fp/hard\libc_nano.a
END GROUP
START GROUP
LOAD c:/armgcc_toolchain/gcc-arm-none-eabi-10.3-2021.10-win32/gcc-arm-none-eabi-10.3-2021.10/bin/../lib/gcc/arm-none-eabi/10.3.1/thumb/v7e-m+fp/hard\libgcc.a
LOAD c:/armgcc_toolchain/gcc-arm-none-eabi-10.3-2021.10-win32/gcc-arm-none-eabi-10.3-2021.10/bin/../lib/gcc/arm-none-eabi/10.3.1/../../../../arm-none-eabi/lib/thumb/v7e-m+fp/hard\libc_nano.a
END GROUP
LOAD c:/armgcc_toolchain/gcc-arm-none-eabi-10.3-2021.10-win32/gcc-arm-none-eabi-10.3-2021.10/bin/../lib/gcc/arm-none-eabi/10.3.1/thumb/v7e-m+fp/hard/crtend.o
LOAD c:/armgcc_toolchain/gcc-arm-none-eabi-10.3-2021.10-win32/gcc-arm-none-eabi-10.3-2021.10/bin/../lib/gcc/arm-none-eabi/10.3.1/thumb/v7e-m+fp/hard/crtn.o
                0x20030000                _estack = (ORIGIN (RAM) + LENGTH (RAM))
                0x00000200                _Min_Heap_Size = 0x200
                0x00000400                _Min_Stack_Size = 0x400

.isr_vector     0x08000000      0x1ac
                0x08000000                . = ALIGN (0x4)
 *(.isr_vector)
 .isr_vector    0x08000000      0x1ac build/startup_stm32f429xx.o
                0x08000000                g_pfnVectors
                0x080001ac                . = ALIGN (0x4)

.text           0x080001b0     0x5354
                0x080001b0                . = ALIGN (0x4)
 *(.text)
 .text          0x080001b0       0x40 c:/armgcc_toolchain/gcc-arm-none-eabi-10.3-2021.10-win32/gcc-arm-none-eabi-10.3-2021.10/bin/../lib/gcc/arm-none-eabi/10.3.1/thumb/v7e-m+fp/hard/crtbegin.o
 .text          0x080001f0       0x30 c:/armgcc_toolchain/gcc-arm-none-eabi-10.3-2021.10-win32/gcc-arm-none-eabi-10.3-2021.10/bin/../lib/gcc/arm-none-eabi/10.3.1/thumb/v7e-m+fp/hard\libgcc.a(_aeabi_uldivmod.o)
                0x080001f0                __aeabi_uldivmod
 .text          0x08000220      0x2d0 c:/armgcc_toolchain/gcc-arm-none-eabi-10.3-2021.10-win32/gcc-arm-none-eabi-10.3-2021.10/bin/../lib/gcc/arm-none-eabi/10.3.1/thumb/v7e-m+fp/hard\libgcc.a(_udivmoddi4.o)
                0x08000220                __udivmoddi4
 .text          0x080004f0        0x4 c:/armgcc_toolchain/gcc-arm-none-eabi-10.3-2021.10-win32/gcc-arm-none-eabi-10.3-2021.10/bin/../lib/gcc/arm-none-eabi/10.3.1/thumb/v7e-m+fp/hard\libgcc.a(_dvmd_tls.o)
                0x080004f0                __aeabi_idiv0
                0x080004f0                __aeabi_ldiv0
 *(.text*)
 .text.StartDefaultTask
                0x080004f4       0x4c build/main.o
                0x080004f4                StartDefaultTask
 .text.main     0x08000540       0x38 build/main.o
                0x08000540                main
 .text.MX_GPIO_Init
                0x08000578      0x228 build/peripherals.o
 .text.HAL_TIM_PeriodElapsedCallback
                0x080007a0       0x18 build/peripherals.o
                0x080007a0                HAL_TIM_PeriodElapsedCallback
 .text.Error_Handler
                0x080007b8        0x4 build/peripherals.o
                0x080007b8                Error_Handler
 .text.SystemClock_Config
                0x080007bc       0xa4 build/peripherals.o
 .text.MX_CAN2_Init
                0x08000860       0x38 build/peripherals.o
 .text.MX_CRC_Init
                0x08000898       0x1c build/peripherals.o
 .text.MX_DMA2D_Init
                0x080008b4       0x3c build/peripherals.o
 .text.MX_I2C3_Init
                0x080008f0       0x54 build/peripherals.o
 .text.MX_LTDC_Init
                0x08000944       0xb4 build/peripherals.o
 .text.MX_SPI5_Init
                0x080009f8       0x40 build/peripherals.o
 .text.MX_TIM1_Init
                0x08000a38       0x68 build/peripherals.o
 .text.MX_USART1_UART_Init
                0x08000aa0       0x34 build/peripherals.o
 .text.peripherals_init
                0x08000ad4       0x30 build/peripherals.o
                0x08000ad4                peripherals_init
 .text.vApplicationIdleHook
                0x08000b04        0x2 build/freertos.o
                0x08000b04                vApplicationIdleHook
 .text.vApplicationStackOverflowHook
                0x08000b06        0x2 build/freertos.o
                0x08000b06                vApplicationStackOverflowHook
 .text.vApplicationMallocFailedHook
                0x08000b08        0x2 build/freertos.o
                0x08000b08                vApplicationMallocFailedHook
 *fill*         0x08000b0a        0x2 
 .text.vApplicationGetIdleTaskMemory
                0x08000b0c       0x18 build/freertos.o
                0x08000b0c                vApplicationGetIdleTaskMemory
 .text.NMI_Handler
                0x08000b24        0x2 build/stm32f4xx_it.o
                0x08000b24                NMI_Handler
 .text.HardFault_Handler
                0x08000b26        0x2 build/stm32f4xx_it.o
                0x08000b26                HardFault_Handler
 .text.MemManage_Handler
                0x08000b28        0x2 build/stm32f4xx_it.o
                0x08000b28                MemManage_Handler
 .text.BusFault_Handler
                0x08000b2a        0x2 build/stm32f4xx_it.o
                0x08000b2a                BusFault_Handler
 .text.UsageFault_Handler
                0x08000b2c        0x2 build/stm32f4xx_it.o
                0x08000b2c                UsageFault_Handler
 .text.DebugMon_Handler
                0x08000b2e        0x2 build/stm32f4xx_it.o
                0x08000b2e                DebugMon_Handler
 .text.TIM6_DAC_IRQHandler
                0x08000b30       0x10 build/stm32f4xx_it.o
                0x08000b30                TIM6_DAC_IRQHandler
 .text.OTG_HS_IRQHandler
                0x08000b40       0x10 build/stm32f4xx_it.o
                0x08000b40                OTG_HS_IRQHandler
 .text.LTDC_IRQHandler
                0x08000b50       0x10 build/stm32f4xx_it.o
                0x08000b50                LTDC_IRQHandler
 .text.DMA2D_IRQHandler
                0x08000b60       0x10 build/stm32f4xx_it.o
                0x08000b60                DMA2D_IRQHandler
 .text.HAL_MspInit
                0x08000b70       0x44 build/stm32f4xx_hal_msp.o
                0x08000b70                HAL_MspInit
 .text.HAL_CAN_MspInit
                0x08000bb4       0x84 build/stm32f4xx_hal_msp.o
                0x08000bb4                HAL_CAN_MspInit
 .text.HAL_CRC_MspInit
                0x08000c38       0x30 build/stm32f4xx_hal_msp.o
                0x08000c38                HAL_CRC_MspInit
 .text.HAL_DMA2D_MspInit
                0x08000c68       0x40 build/stm32f4xx_hal_msp.o
                0x08000c68                HAL_DMA2D_MspInit
 .text.HAL_I2C_MspInit
                0x08000ca8       0xa8 build/stm32f4xx_hal_msp.o
                0x08000ca8                HAL_I2C_MspInit
 .text.HAL_LTDC_MspInit
                0x08000d50      0x1c4 build/stm32f4xx_hal_msp.o
                0x08000d50                HAL_LTDC_MspInit
 .text.HAL_SPI_MspInit
                0x08000f14       0x6c build/stm32f4xx_hal_msp.o
                0x08000f14                HAL_SPI_MspInit
 .text.HAL_TIM_Base_MspInit
                0x08000f80       0x30 build/stm32f4xx_hal_msp.o
                0x08000f80                HAL_TIM_Base_MspInit
 .text.HAL_UART_MspInit
                0x08000fb0       0x74 build/stm32f4xx_hal_msp.o
                0x08000fb0                HAL_UART_MspInit
 .text.HAL_InitTick
                0x08001024       0xa4 build/stm32f4xx_hal_timebase_tim.o
                0x08001024                HAL_InitTick
 .text.HAL_HCD_SOF_Callback
                0x080010c8        0xc build/usbh_conf.o
                0x080010c8                HAL_HCD_SOF_Callback
 .text.HAL_HCD_Connect_Callback
                0x080010d4        0xc build/usbh_conf.o
                0x080010d4                HAL_HCD_Connect_Callback
 .text.HAL_HCD_Disconnect_Callback
                0x080010e0        0xc build/usbh_conf.o
                0x080010e0                HAL_HCD_Disconnect_Callback
 .text.HAL_HCD_HC_NotifyURBChange_Callback
                0x080010ec        0xc build/usbh_conf.o
                0x080010ec                HAL_HCD_HC_NotifyURBChange_Callback
 .text.HAL_HCD_PortEnabled_Callback
                0x080010f8        0xc build/usbh_conf.o
                0x080010f8                HAL_HCD_PortEnabled_Callback
 .text.HAL_HCD_PortDisabled_Callback
                0x08001104        0xc build/usbh_conf.o
                0x08001104                HAL_HCD_PortDisabled_Callback
 .text.USBH_Get_USB_Status
                0x08001110       0x14 build/usbh_conf.o
                0x08001110                USBH_Get_USB_Status
 .text.USBH_LL_Stop
                0x08001124       0x10 build/usbh_conf.o
                0x08001124                USBH_LL_Stop
 .text.HCD_RXQLVL_IRQHandler
                0x08001134       0xa6 build/stm32f4xx_hal_hcd.o
 .text.HCD_Port_IRQHandler
                0x080011da       0xb0 build/stm32f4xx_hal_hcd.o
 .text.HCD_HC_IN_IRQHandler
                0x0800128a      0x5a2 build/stm32f4xx_hal_hcd.o
 .text.HCD_HC_OUT_IRQHandler
                0x0800182c      0x46c build/stm32f4xx_hal_hcd.o
 .text.HAL_HCD_IRQHandler
                0x08001c98      0x15c build/stm32f4xx_hal_hcd.o
                0x08001c98                HAL_HCD_IRQHandler
 .text.HAL_HCD_Stop
                0x08001df4       0x24 build/stm32f4xx_hal_hcd.o
                0x08001df4                HAL_HCD_Stop
 .text.USB_EnableGlobalInt
                0x08001e18        0xc build/stm32f4xx_ll_usb.o
                0x08001e18                USB_EnableGlobalInt
 .text.USB_DisableGlobalInt
                0x08001e24        0xc build/stm32f4xx_ll_usb.o
                0x08001e24                USB_DisableGlobalInt
 .text.USB_FlushTxFifo
                0x08001e30       0x4a build/stm32f4xx_ll_usb.o
                0x08001e30                USB_FlushTxFifo
 .text.USB_FlushRxFifo
                0x08001e7a       0x46 build/stm32f4xx_ll_usb.o
                0x08001e7a                USB_FlushRxFifo
 .text.USB_ReadPacket
                0x08001ec0       0x54 build/stm32f4xx_ll_usb.o
                0x08001ec0                USB_ReadPacket
 .text.USB_ReadInterrupts
                0x08001f14        0x8 build/stm32f4xx_ll_usb.o
                0x08001f14                USB_ReadInterrupts
 .text.USB_ReadChInterrupts
                0x08001f1c       0x10 build/stm32f4xx_ll_usb.o
                0x08001f1c                USB_ReadChInterrupts
 .text.USB_GetMode
                0x08001f2c        0x8 build/stm32f4xx_ll_usb.o
                0x08001f2c                USB_GetMode
 .text.USB_InitFSLSPClkSel
                0x08001f34       0x42 build/stm32f4xx_ll_usb.o
                0x08001f34                USB_InitFSLSPClkSel
 .text.USB_HC_ReadInterrupt
                0x08001f76        0xa build/stm32f4xx_ll_usb.o
                0x08001f76                USB_HC_ReadInterrupt
 .text.USB_HC_Halt
                0x08001f80       0xfc build/stm32f4xx_ll_usb.o
                0x08001f80                USB_HC_Halt
 .text.USB_StopHost
                0x0800207c       0x92 build/stm32f4xx_ll_usb.o
                0x0800207c                USB_StopHost
 *fill*         0x0800210e        0x2 
 .text.HAL_RCC_OscConfig
                0x08002110      0x3f8 build/stm32f4xx_hal_rcc.o
                0x08002110                HAL_RCC_OscConfig
 .text.HAL_RCC_GetSysClockFreq
                0x08002508       0xa4 build/stm32f4xx_hal_rcc.o
                0x08002508                HAL_RCC_GetSysClockFreq
 .text.HAL_RCC_ClockConfig
                0x080025ac      0x160 build/stm32f4xx_hal_rcc.o
                0x080025ac                HAL_RCC_ClockConfig
 .text.HAL_RCC_GetHCLKFreq
                0x0800270c        0xc build/stm32f4xx_hal_rcc.o
                0x0800270c                HAL_RCC_GetHCLKFreq
 .text.HAL_RCC_GetPCLK1Freq
                0x08002718       0x20 build/stm32f4xx_hal_rcc.o
                0x08002718                HAL_RCC_GetPCLK1Freq
 .text.HAL_RCC_GetPCLK2Freq
                0x08002738       0x20 build/stm32f4xx_hal_rcc.o
                0x08002738                HAL_RCC_GetPCLK2Freq
 .text.HAL_RCC_GetClockConfig
                0x08002758       0x3c build/stm32f4xx_hal_rcc.o
                0x08002758                HAL_RCC_GetClockConfig
 .text.HAL_RCCEx_PeriphCLKConfig
                0x08002794      0x284 build/stm32f4xx_hal_rcc_ex.o
                0x08002794                HAL_RCCEx_PeriphCLKConfig
 .text.HAL_GPIO_Init
                0x08002a18      0x1fc build/stm32f4xx_hal_gpio.o
                0x08002a18                HAL_GPIO_Init
 .text.HAL_GPIO_ReadPin
                0x08002c14        0xe build/stm32f4xx_hal_gpio.o
                0x08002c14                HAL_GPIO_ReadPin
 .text.HAL_GPIO_WritePin
                0x08002c22        0xc build/stm32f4xx_hal_gpio.o
                0x08002c22                HAL_GPIO_WritePin
 .text.HAL_GPIO_TogglePin
                0x08002c2e       0x12 build/stm32f4xx_hal_gpio.o
                0x08002c2e                HAL_GPIO_TogglePin
 .text.HAL_NVIC_SetPriorityGrouping
                0x08002c40       0x24 build/stm32f4xx_hal_cortex.o
                0x08002c40                HAL_NVIC_SetPriorityGrouping
 .text.HAL_NVIC_SetPriority
                0x08002c64       0x70 build/stm32f4xx_hal_cortex.o
                0x08002c64                HAL_NVIC_SetPriority
 .text.HAL_NVIC_EnableIRQ
                0x08002cd4       0x1c build/stm32f4xx_hal_cortex.o
                0x08002cd4                HAL_NVIC_EnableIRQ
 .text.HAL_Init
                0x08002cf0       0x34 build/stm32f4xx_hal.o
                0x08002cf0                HAL_Init
 .text.HAL_IncTick
                0x08002d24       0x18 build/stm32f4xx_hal.o
                0x08002d24                HAL_IncTick
 .text.HAL_GetTick
                0x08002d3c        0xc build/stm32f4xx_hal.o
                0x08002d3c                HAL_GetTick
 .text.HAL_CAN_Init
                0x08002d48      0x14c build/stm32f4xx_hal_can.o
                0x08002d48                HAL_CAN_Init
 .text.HAL_CRC_Init
                0x08002e94       0x1e build/stm32f4xx_hal_crc.o
                0x08002e94                HAL_CRC_Init
 .text.HAL_DMA2D_Init
                0x08002eb2       0x5a build/stm32f4xx_hal_dma2d.o
                0x08002eb2                HAL_DMA2D_Init
 .text.HAL_DMA2D_LineEventCallback
                0x08002f0c        0x2 build/stm32f4xx_hal_dma2d.o
                0x08002f0c                HAL_DMA2D_LineEventCallback
 .text.HAL_DMA2D_CLUTLoadingCpltCallback
                0x08002f0e        0x2 build/stm32f4xx_hal_dma2d.o
                0x08002f0e                HAL_DMA2D_CLUTLoadingCpltCallback
 .text.HAL_DMA2D_IRQHandler
                0x08002f10      0x13c build/stm32f4xx_hal_dma2d.o
                0x08002f10                HAL_DMA2D_IRQHandler
 .text.HAL_DMA2D_ConfigLayer
                0x0800304c       0xc4 build/stm32f4xx_hal_dma2d.o
                0x0800304c                HAL_DMA2D_ConfigLayer
 .text.HAL_I2C_Init
                0x08003110      0x1bc build/stm32f4xx_hal_i2c.o
                0x08003110                HAL_I2C_Init
 .text.HAL_I2CEx_ConfigAnalogFilter
                0x080032cc       0x44 build/stm32f4xx_hal_i2c_ex.o
                0x080032cc                HAL_I2CEx_ConfigAnalogFilter
 .text.HAL_I2CEx_ConfigDigitalFilter
                0x08003310       0x42 build/stm32f4xx_hal_i2c_ex.o
                0x08003310                HAL_I2CEx_ConfigDigitalFilter
 .text.LTDC_SetConfig
                0x08003352      0x1b2 build/stm32f4xx_hal_ltdc.o
 .text.HAL_LTDC_Init
                0x08003504       0xf4 build/stm32f4xx_hal_ltdc.o
                0x08003504                HAL_LTDC_Init
 .text.HAL_LTDC_ErrorCallback
                0x080035f8        0x2 build/stm32f4xx_hal_ltdc.o
                0x080035f8                HAL_LTDC_ErrorCallback
 .text.HAL_LTDC_LineEventCallback
                0x080035fa        0x2 build/stm32f4xx_hal_ltdc.o
                0x080035fa                HAL_LTDC_LineEventCallback
 .text.HAL_LTDC_ReloadEventCallback
                0x080035fc        0x2 build/stm32f4xx_hal_ltdc.o
                0x080035fc                HAL_LTDC_ReloadEventCallback
 .text.HAL_LTDC_IRQHandler
                0x080035fe       0xda build/stm32f4xx_hal_ltdc.o
                0x080035fe                HAL_LTDC_IRQHandler
 .text.HAL_LTDC_ConfigLayer
                0x080036d8       0x68 build/stm32f4xx_hal_ltdc.o
                0x080036d8                HAL_LTDC_ConfigLayer
 .text.HAL_SPI_Init
                0x08003740       0xbe build/stm32f4xx_hal_spi.o
                0x08003740                HAL_SPI_Init
 .text.TIM_TI1_ConfigInputStage
                0x080037fe       0x26 build/stm32f4xx_hal_tim.o
 .text.TIM_TI2_ConfigInputStage
                0x08003824       0x28 build/stm32f4xx_hal_tim.o
 .text.TIM_ITRx_SetConfig
                0x0800384c       0x10 build/stm32f4xx_hal_tim.o
 .text.HAL_TIM_Base_Start_IT
                0x0800385c       0x88 build/stm32f4xx_hal_tim.o
                0x0800385c                HAL_TIM_Base_Start_IT
 .text.HAL_TIM_OC_DelayElapsedCallback
                0x080038e4        0x2 build/stm32f4xx_hal_tim.o
                0x080038e4                HAL_TIM_OC_DelayElapsedCallback
 .text.HAL_TIM_IC_CaptureCallback
                0x080038e6        0x2 build/stm32f4xx_hal_tim.o
                0x080038e6                HAL_TIM_IC_CaptureCallback
 .text.HAL_TIM_PWM_PulseFinishedCallback
                0x080038e8        0x2 build/stm32f4xx_hal_tim.o
                0x080038e8                HAL_TIM_PWM_PulseFinishedCallback
 .text.HAL_TIM_TriggerCallback
                0x080038ea        0x2 build/stm32f4xx_hal_tim.o
                0x080038ea                HAL_TIM_TriggerCallback
 .text.HAL_TIM_IRQHandler
                0x080038ec      0x15e build/stm32f4xx_hal_tim.o
                0x080038ec                HAL_TIM_IRQHandler
 *fill*         0x08003a4a        0x2 
 .text.TIM_Base_SetConfig
                0x08003a4c       0xd8 build/stm32f4xx_hal_tim.o
                0x08003a4c                TIM_Base_SetConfig
 .text.HAL_TIM_Base_Init
                0x08003b24       0x58 build/stm32f4xx_hal_tim.o
                0x08003b24                HAL_TIM_Base_Init
 .text.TIM_ETR_SetConfig
                0x08003b7c       0x1a build/stm32f4xx_hal_tim.o
                0x08003b7c                TIM_ETR_SetConfig
 .text.HAL_TIM_ConfigClockSource
                0x08003b96       0xfe build/stm32f4xx_hal_tim.o
                0x08003b96                HAL_TIM_ConfigClockSource
 .text.HAL_TIMEx_MasterConfigSynchronization
                0x08003c94       0x8c build/stm32f4xx_hal_tim_ex.o
                0x08003c94                HAL_TIMEx_MasterConfigSynchronization
 .text.HAL_TIMEx_CommutCallback
                0x08003d20        0x2 build/stm32f4xx_hal_tim_ex.o
                0x08003d20                HAL_TIMEx_CommutCallback
 .text.HAL_TIMEx_BreakCallback
                0x08003d22        0x2 build/stm32f4xx_hal_tim_ex.o
                0x08003d22                HAL_TIMEx_BreakCallback
 .text.UART_SetConfig
                0x08003d24      0x110 build/stm32f4xx_hal_uart.o
 .text.HAL_UART_Init
                0x08003e34       0x60 build/stm32f4xx_hal_uart.o
                0x08003e34                HAL_UART_Init
 .text.SystemInit
                0x08003e94       0x14 build/system_stm32f4xx.o
                0x08003e94                SystemInit
 .text.vListInitialise
                0x08003ea8       0x16 build/list.o
                0x08003ea8                vListInitialise
 .text.vListInitialiseItem
                0x08003ebe        0x6 build/list.o
                0x08003ebe                vListInitialiseItem
 .text.vListInsertEnd
                0x08003ec4       0x16 build/list.o
                0x08003ec4                vListInsertEnd
 .text.vListInsert
                0x08003eda       0x32 build/list.o
                0x08003eda                vListInsert
 .text.uxListRemove
                0x08003f0c       0x26 build/list.o
                0x08003f0c                uxListRemove
 .text.prvIsQueueFull
                0x08003f32       0x1e build/queue.o
 .text.prvCopyDataToQueue
                0x08003f50       0x76 build/queue.o
 .text.prvUnlockQueue
                0x08003fc6       0x6e build/queue.o
 .text.xQueueGenericSend
                0x08004034      0x188 build/queue.o
                0x08004034                xQueueGenericSend
 .text.xQueueGenericSendFromISR
                0x080041bc       0xce build/queue.o
                0x080041bc                xQueueGenericSendFromISR
 *fill*         0x0800428a        0x2 
 .text.prvResetNextTaskUnblockTime
                0x0800428c       0x2c build/tasks.o
 .text.prvInitialiseNewTask
                0x080042b8       0xaa build/tasks.o
 *fill*         0x08004362        0x2 
 .text.prvInitialiseTaskLists
                0x08004364       0x68 build/tasks.o
 .text.prvAddNewTaskToReadyList
                0x080043cc       0xa8 build/tasks.o
 .text.prvDeleteTCB
                0x08004474       0x38 build/tasks.o
 .text.prvCheckTasksWaitingTermination
                0x080044ac       0x4c build/tasks.o
 .text.prvAddCurrentTaskToDelayedList
                0x080044f8       0x98 build/tasks.o
 .text.prvIdleTask
                0x08004590       0x30 build/tasks.o
 .text.xTaskCreateStatic
                0x080045c0       0x76 build/tasks.o
                0x080045c0                xTaskCreateStatic
 .text.xTaskCreate
                0x08004636       0x68 build/tasks.o
                0x08004636                xTaskCreate
 *fill*         0x0800469e        0x2 
 .text.vTaskStartScheduler
                0x080046a0       0x74 build/tasks.o
                0x080046a0                vTaskStartScheduler
 .text.vTaskSuspendAll
                0x08004714       0x10 build/tasks.o
                0x08004714                vTaskSuspendAll
 .text.xTaskIncrementTick
                0x08004724      0x118 build/tasks.o
                0x08004724                xTaskIncrementTick
 .text.xTaskResumeAll
                0x0800483c       0xf8 build/tasks.o
                0x0800483c                xTaskResumeAll
 .text.vTaskDelay
                0x08004934       0x4c build/tasks.o
                0x08004934                vTaskDelay
 .text.vTaskSwitchContext
                0x08004980       0xcc build/tasks.o
                0x08004980                vTaskSwitchContext
 .text.vTaskPlaceOnEventList
                0x08004a4c       0x30 build/tasks.o
                0x08004a4c                vTaskPlaceOnEventList
 .text.xTaskRemoveFromEventList
                0x08004a7c       0x8c build/tasks.o
                0x08004a7c                xTaskRemoveFromEventList
 .text.vTaskInternalSetTimeOutState
                0x08004b08       0x18 build/tasks.o
                0x08004b08                vTaskInternalSetTimeOutState
 .text.xTaskCheckForTimeOut
                0x08004b20       0x84 build/tasks.o
                0x08004b20                xTaskCheckForTimeOut
 .text.vTaskMissedYield
                0x08004ba4        0xc build/tasks.o
                0x08004ba4                vTaskMissedYield
 .text.xTaskGetSchedulerState
                0x08004bb0       0x20 build/tasks.o
                0x08004bb0                xTaskGetSchedulerState
 .text.xTaskPriorityDisinherit
                0x08004bd0       0xb4 build/tasks.o
                0x08004bd0                xTaskPriorityDisinherit
 .text.makeFreeRtosPriority
                0x08004c84        0xc build/cmsis_os.o
 .text.inHandlerMode
                0x08004c90        0xc build/cmsis_os.o
 .text.osKernelStart
                0x08004c9c        0xa build/cmsis_os.o
                0x08004c9c                osKernelStart
 .text.osThreadCreate
                0x08004ca6       0x6a build/cmsis_os.o
                0x08004ca6                osThreadCreate
 .text.osDelay  0x08004d10        0xe build/cmsis_os.o
                0x08004d10                osDelay
 .text.osMessagePut
                0x08004d1e       0x66 build/cmsis_os.o
                0x08004d1e                osMessagePut
 .text.prvHeapInit
                0x08004d84       0x64 build/heap_4.o
 .text.prvInsertBlockIntoFreeList
                0x08004de8       0x64 build/heap_4.o
 .text.pvPortMalloc
                0x08004e4c      0x110 build/heap_4.o
                0x08004e4c                pvPortMalloc
 .text.vPortFree
                0x08004f5c       0x7c build/heap_4.o
                0x08004f5c                vPortFree
 .text.prvTaskExitError
                0x08004fd8       0x40 build/port.o
 .text.prvPortStartFirstTask
                0x08005018       0x28 build/port.o
 .text.vPortEnableVFP
                0x08005040       0x14 build/port.o
 .text.pxPortInitialiseStack
                0x08005054       0x2c build/port.o
                0x08005054                pxPortInitialiseStack
 .text.SVC_Handler
                0x08005080       0x24 build/port.o
                0x08005080                SVC_Handler
 .text.vPortEnterCritical
                0x080050a4       0x44 build/port.o
                0x080050a4                vPortEnterCritical
 .text.vPortExitCritical
                0x080050e8       0x2c build/port.o
                0x080050e8                vPortExitCritical
 *fill*         0x08005114        0xc 
 .text.PendSV_Handler
                0x08005120       0x64 build/port.o
                0x08005120                PendSV_Handler
 .text.SysTick_Handler
                0x08005184       0x2c build/port.o
                0x08005184                SysTick_Handler
 .text.vPortSetupTimerInterrupt
                0x080051b0       0x28 build/port.o
                0x080051b0                vPortSetupTimerInterrupt
 .text.xPortStartScheduler
                0x080051d8      0x118 build/port.o
                0x080051d8                xPortStartScheduler
 .text.vPortValidateInterruptPriority
                0x080052f0       0x5c build/port.o
                0x080052f0                vPortValidateInterruptPriority
 .text.USBH_HandleSof
                0x0800534c       0x1a build/usbh_core.o
 .text.USBH_LL_IncTimer
                0x08005366       0x12 build/usbh_core.o
                0x08005366                USBH_LL_IncTimer
 .text.USBH_LL_PortEnabled
                0x08005378       0x18 build/usbh_core.o
                0x08005378                USBH_LL_PortEnabled
 .text.USBH_LL_PortDisabled
                0x08005390        0x8 build/usbh_core.o
                0x08005390                USBH_LL_PortDisabled
 .text.USBH_LL_Connect
                0x08005398       0x24 build/usbh_core.o
                0x08005398                USBH_LL_Connect
 .text.USBH_LL_Disconnect
                0x080053bc       0x3c build/usbh_core.o
                0x080053bc                USBH_LL_Disconnect
 .text.USBH_LL_NotifyURBChange
                0x080053f8       0x16 build/usbh_core.o
                0x080053f8                USBH_LL_NotifyURBChange
 .text.USBH_FreePipe
                0x0800540e       0x16 build/usbh_pipes.o
                0x0800540e                USBH_FreePipe
 .text.Reset_Handler
                0x08005424       0x50 build/startup_stm32f429xx.o
                0x08005424                Reset_Handler
 .text.Default_Handler
                0x08005474        0x2 build/startup_stm32f429xx.o
                0x08005474                RTC_Alarm_IRQHandler
                0x08005474                HASH_RNG_IRQHandler
                0x08005474                EXTI2_IRQHandler
                0x08005474                TIM8_CC_IRQHandler
                0x08005474                UART8_IRQHandler
                0x08005474                SPI4_IRQHandler
                0x08005474                TIM1_CC_IRQHandler
                0x08005474                DMA2_Stream5_IRQHandler
                0x08005474                DMA1_Stream5_IRQHandler
                0x08005474                PVD_IRQHandler
                0x08005474                SDIO_IRQHandler
                0x08005474                TAMP_STAMP_IRQHandler
                0x08005474                CAN2_RX1_IRQHandler
                0x08005474                EXTI3_IRQHandler
                0x08005474                TIM8_TRG_COM_TIM14_IRQHandler
                0x08005474                TIM1_UP_TIM10_IRQHandler
                0x08005474                TIM8_UP_TIM13_IRQHandler
                0x08005474                I2C3_ER_IRQHandler
                0x08005474                EXTI0_IRQHandler
                0x08005474                I2C2_EV_IRQHandler
                0x08005474                DMA1_Stream2_IRQHandler
                0x08005474                CAN1_RX0_IRQHandler
                0x08005474                FPU_IRQHandler
                0x08005474                OTG_HS_WKUP_IRQHandler
                0x08005474                LTDC_ER_IRQHandler
                0x08005474                CAN2_SCE_IRQHandler
                0x08005474                DMA2_Stream2_IRQHandler
                0x08005474                SPI1_IRQHandler
                0x08005474                TIM1_BRK_TIM9_IRQHandler
                0x08005474                DCMI_IRQHandler
                0x08005474                CAN2_RX0_IRQHandler
                0x08005474                DMA2_Stream3_IRQHandler
                0x08005474                USART6_IRQHandler
                0x08005474                USART3_IRQHandler
                0x08005474                CAN1_RX1_IRQHandler
                0x08005474                UART5_IRQHandler
                0x08005474                DMA2_Stream0_IRQHandler
                0x08005474                TIM4_IRQHandler
                0x08005474                I2C1_EV_IRQHandler
                0x08005474                DMA1_Stream6_IRQHandler
                0x08005474                DMA1_Stream1_IRQHandler
                0x08005474                UART4_IRQHandler
                0x08005474                TIM3_IRQHandler
                0x08005474                RCC_IRQHandler
                0x08005474                TIM8_BRK_TIM12_IRQHandler
                0x08005474                Default_Handler
                0x08005474                EXTI15_10_IRQHandler
                0x08005474                ADC_IRQHandler
                0x08005474                DMA1_Stream7_IRQHandler
                0x08005474                SPI5_IRQHandler
                0x08005474                TIM7_IRQHandler
                0x08005474                CAN2_TX_IRQHandler
                0x08005474                TIM5_IRQHandler
                0x08005474                DMA2_Stream7_IRQHandler
                0x08005474                I2C3_EV_IRQHandler
                0x08005474                EXTI9_5_IRQHandler
                0x08005474                RTC_WKUP_IRQHandler
                0x08005474                ETH_WKUP_IRQHandler
                0x08005474                SPI2_IRQHandler
                0x08005474                OTG_HS_EP1_IN_IRQHandler
                0x08005474                DMA1_Stream0_IRQHandler
                0x08005474                CAN1_TX_IRQHandler
                0x08005474                EXTI4_IRQHandler
                0x08005474                ETH_IRQHandler
                0x08005474                OTG_HS_EP1_OUT_IRQHandler
                0x08005474                WWDG_IRQHandler
                0x08005474                SPI6_IRQHandler
                0x08005474                TIM2_IRQHandler
                0x08005474                OTG_FS_WKUP_IRQHandler
                0x08005474                TIM1_TRG_COM_TIM11_IRQHandler
                0x08005474                EXTI1_IRQHandler
                0x08005474                UART7_IRQHandler
                0x08005474                USART2_IRQHandler
                0x08005474                I2C2_ER_IRQHandler
                0x08005474                DMA2_Stream1_IRQHandler
                0x08005474                CAN1_SCE_IRQHandler
                0x08005474                FLASH_IRQHandler
                0x08005474                DMA2_Stream4_IRQHandler
                0x08005474                USART1_IRQHandler
                0x08005474                OTG_FS_IRQHandler
                0x08005474                SPI3_IRQHandler
                0x08005474                DMA1_Stream4_IRQHandler
                0x08005474                I2C1_ER_IRQHandler
                0x08005474                FMC_IRQHandler
                0x08005474                DMA2_Stream6_IRQHandler
                0x08005474                SAI1_IRQHandler
                0x08005474                DMA1_Stream3_IRQHandler
 *fill*         0x08005476        0x2 
 .text.__libc_init_array
                0x08005478       0x48 c:/armgcc_toolchain/gcc-arm-none-eabi-10.3-2021.10-win32/gcc-arm-none-eabi-10.3-2021.10/bin/../lib/gcc/arm-none-eabi/10.3.1/../../../../arm-none-eabi/lib/thumb/v7e-m+fp/hard\libc_nano.a(lib_a-init.o)
                0x08005478                __libc_init_array
 .text.memcpy   0x080054c0       0x1c c:/armgcc_toolchain/gcc-arm-none-eabi-10.3-2021.10-win32/gcc-arm-none-eabi-10.3-2021.10/bin/../lib/gcc/arm-none-eabi/10.3.1/../../../../arm-none-eabi/lib/thumb/v7e-m+fp/hard\libc_nano.a(lib_a-memcpy-stub.o)
                0x080054c0                memcpy
 .text.memset   0x080054dc       0x10 c:/armgcc_toolchain/gcc-arm-none-eabi-10.3-2021.10-win32/gcc-arm-none-eabi-10.3-2021.10/bin/../lib/gcc/arm-none-eabi/10.3.1/../../../../arm-none-eabi/lib/thumb/v7e-m+fp/hard\libc_nano.a(lib_a-memset.o)
                0x080054dc                memset
 *(.glue_7)
 .glue_7        0x080054ec        0x0 linker stubs
 *(.glue_7t)
 .glue_7t       0x080054ec        0x0 linker stubs
 *(.eh_frame)
 .eh_frame      0x080054ec        0x0 c:/armgcc_toolchain/gcc-arm-none-eabi-10.3-2021.10-win32/gcc-arm-none-eabi-10.3-2021.10/bin/../lib/gcc/arm-none-eabi/10.3.1/thumb/v7e-m+fp/hard/crtbegin.o
 *(.init)
 .init          0x080054ec        0x4 c:/armgcc_toolchain/gcc-arm-none-eabi-10.3-2021.10-win32/gcc-arm-none-eabi-10.3-2021.10/bin/../lib/gcc/arm-none-eabi/10.3.1/thumb/v7e-m+fp/hard/crti.o
                0x080054ec                _init
 .init          0x080054f0        0x8 c:/armgcc_toolchain/gcc-arm-none-eabi-10.3-2021.10-win32/gcc-arm-none-eabi-10.3-2021.10/bin/../lib/gcc/arm-none-eabi/10.3.1/thumb/v7e-m+fp/hard/crtn.o
 *(.fini)
 .fini          0x080054f8        0x4 c:/armgcc_toolchain/gcc-arm-none-eabi-10.3-2021.10-win32/gcc-arm-none-eabi-10.3-2021.10/bin/../lib/gcc/arm-none-eabi/10.3.1/thumb/v7e-m+fp/hard/crti.o
                0x080054f8                _fini
 .fini          0x080054fc        0x8 c:/armgcc_toolchain/gcc-arm-none-eabi-10.3-2021.10-win32/gcc-arm-none-eabi-10.3-2021.10/bin/../lib/gcc/arm-none-eabi/10.3.1/thumb/v7e-m+fp/hard/crtn.o
                0x08005504                . = ALIGN (0x4)
                0x08005504                _etext = .

.vfp11_veneer   0x08005504        0x0
 .vfp11_veneer  0x08005504        0x0 linker stubs

.v4_bx          0x08005504        0x0
 .v4_bx         0x08005504        0x0 linker stubs

.iplt           0x08005504        0x0
 .iplt          0x08005504        0x0 c:/armgcc_toolchain/gcc-arm-none-eabi-10.3-2021.10-win32/gcc-arm-none-eabi-10.3-2021.10/bin/../lib/gcc/arm-none-eabi/10.3.1/thumb/v7e-m+fp/hard/crtbegin.o

.rodata         0x08005504       0x48
                0x08005504                . = ALIGN (0x4)
 *(.rodata)
 .rodata        0x08005504       0x1c build/main.o
 *(.rodata*)
 .rodata.str1.4
                0x08005520        0xc build/main.o
 .rodata.AHBPrescTable
                0x0800552c       0x10 build/system_stm32f4xx.o
                0x0800552c                AHBPrescTable
 .rodata.APBPrescTable
                0x0800553c        0x8 build/system_stm32f4xx.o
                0x0800553c                APBPrescTable
 .rodata.vTaskStartScheduler.str1.4
                0x08005544        0x5 build/tasks.o
                0x0800554c                . = ALIGN (0x4)
 *fill*         0x08005549        0x3 

.ARM.extab
 *(.ARM.extab* .gnu.linkonce.armextab.*)

.ARM            0x0800554c        0x8
                0x0800554c                __exidx_start = .
 *(.ARM.exidx*)
 .ARM.exidx     0x0800554c        0x8 c:/armgcc_toolchain/gcc-arm-none-eabi-10.3-2021.10-win32/gcc-arm-none-eabi-10.3-2021.10/bin/../lib/gcc/arm-none-eabi/10.3.1/thumb/v7e-m+fp/hard\libgcc.a(_udivmoddi4.o)
                0x08005554                __exidx_end = .

.rel.dyn        0x08005554        0x0
 .rel.iplt      0x08005554        0x0 c:/armgcc_toolchain/gcc-arm-none-eabi-10.3-2021.10-win32/gcc-arm-none-eabi-10.3-2021.10/bin/../lib/gcc/arm-none-eabi/10.3.1/thumb/v7e-m+fp/hard/crtbegin.o

.preinit_array  0x08005554        0x0
                0x08005554                PROVIDE (__preinit_array_start = .)
 *(.preinit_array*)
                0x08005554                PROVIDE (__preinit_array_end = .)

.init_array     0x08005554        0x4
                0x08005554                PROVIDE (__init_array_start = .)
 *(SORT_BY_NAME(.init_array.*))
 *(.init_array*)
 .init_array    0x08005554        0x4 c:/armgcc_toolchain/gcc-arm-none-eabi-10.3-2021.10-win32/gcc-arm-none-eabi-10.3-2021.10/bin/../lib/gcc/arm-none-eabi/10.3.1/thumb/v7e-m+fp/hard/crtbegin.o
                0x08005558                PROVIDE (__init_array_end = .)

.fini_array     0x08005558        0x4
                [!provide]                PROVIDE (__fini_array_start = .)
 *(SORT_BY_NAME(.fini_array.*))
 *(.fini_array*)
 .fini_array    0x08005558        0x4 c:/armgcc_toolchain/gcc-arm-none-eabi-10.3-2021.10-win32/gcc-arm-none-eabi-10.3-2021.10/bin/../lib/gcc/arm-none-eabi/10.3.1/thumb/v7e-m+fp/hard/crtbegin.o
                [!provide]                PROVIDE (__fini_array_end = .)
                0x0800555c                _sidata = LOADADDR (.data)

.data           0x20000000       0x10 load address 0x0800555c
                0x20000000                . = ALIGN (0x4)
                0x20000000                _sdata = .
 *(.data)
 *(.data*)
 .data.task_delay.0
                0x20000000        0x1 build/main.o
 .data.uwTickFreq
                0x20000001        0x1 build/stm32f4xx_hal.o
                0x20000001                uwTickFreq
 *fill*         0x20000002        0x2 
 .data.uwTickPrio
                0x20000004        0x4 build/stm32f4xx_hal.o
                0x20000004                uwTickPrio
 .data.SystemCoreClock
                0x20000008        0x4 build/system_stm32f4xx.o
                0x20000008                SystemCoreClock
 .data.uxCriticalNesting
                0x2000000c        0x4 build/port.o
                0x20000010                . = ALIGN (0x4)
                0x20000010                _edata = .
                0x0800556c                _siccmram = LOADADDR (.ccmram)

.igot.plt       0x20000010        0x0 load address 0x0800556c
 .igot.plt      0x20000010        0x0 c:/armgcc_toolchain/gcc-arm-none-eabi-10.3-2021.10-win32/gcc-arm-none-eabi-10.3-2021.10/bin/../lib/gcc/arm-none-eabi/10.3.1/thumb/v7e-m+fp/hard/crtbegin.o

.ccmram         0x10000000        0x0 load address 0x0800556c
                0x10000000                . = ALIGN (0x4)
                0x10000000                _sccmram = .
 *(.ccmram)
 *(.ccmram*)
                0x10000000                . = ALIGN (0x4)
                0x10000000                _eccmram = .
                0x10000000                . = ALIGN (0x4)

.bss            0x20000010     0x8a4c
                0x20000010                _sbss = .
                0x20000010                __bss_start__ = _sbss
 *(.bss)
 .bss           0x20000010       0x1c c:/armgcc_toolchain/gcc-arm-none-eabi-10.3-2021.10-win32/gcc-arm-none-eabi-10.3-2021.10/bin/../lib/gcc/arm-none-eabi/10.3.1/thumb/v7e-m+fp/hard/crtbegin.o
 *(.bss*)
 .bss.defaultTaskHandle
                0x2000002c        0x4 build/main.o
                0x2000002c                defaultTaskHandle
 .bss.hcan2     0x20000030       0x28 build/peripherals.o
                0x20000030                hcan2
 .bss.hcrc      0x20000058        0x8 build/peripherals.o
                0x20000058                hcrc
 .bss.hdma2d    0x20000060       0x40 build/peripherals.o
                0x20000060                hdma2d
 .bss.hi2c3     0x200000a0       0x54 build/peripherals.o
                0x200000a0                hi2c3
 .bss.hltdc     0x200000f4       0xa8 build/peripherals.o
                0x200000f4                hltdc
 .bss.hspi5     0x2000019c       0x58 build/peripherals.o
                0x2000019c                hspi5
 .bss.htim1     0x200001f4       0x48 build/peripherals.o
                0x200001f4                htim1
 .bss.huart1    0x2000023c       0x48 build/peripherals.o
                0x2000023c                huart1
 .bss.xIdleStack
                0x20000284      0x200 build/freertos.o
 .bss.xIdleTaskTCBBuffer
                0x20000484       0x58 build/freertos.o
 .bss.htim6     0x200004dc       0x48 build/stm32f4xx_hal_timebase_tim.o
                0x200004dc                htim6
 .bss.hhcd_USB_OTG_HS
                0x20000524      0x3e0 build/usbh_conf.o
                0x20000524                hhcd_USB_OTG_HS
 .bss.uwTick    0x20000904        0x4 build/stm32f4xx_hal.o
                0x20000904                uwTick
 .bss.pxCurrentTCB
                0x20000908        0x4 build/tasks.o
                0x20000908                pxCurrentTCB
 .bss.pxDelayedTaskList
                0x2000090c        0x4 build/tasks.o
 .bss.pxOverflowDelayedTaskList
                0x20000910        0x4 build/tasks.o
 .bss.pxReadyTasksLists
                0x20000914       0x8c build/tasks.o
 .bss.uxCurrentNumberOfTasks
                0x200009a0        0x4 build/tasks.o
 .bss.uxDeletedTasksWaitingCleanUp
                0x200009a4        0x4 build/tasks.o
 .bss.uxSchedulerSuspended
                0x200009a8        0x4 build/tasks.o
 .bss.uxTaskNumber
                0x200009ac        0x4 build/tasks.o
 .bss.uxTopReadyPriority
                0x200009b0        0x4 build/tasks.o
 .bss.xDelayedTaskList1
                0x200009b4       0x14 build/tasks.o
 .bss.xDelayedTaskList2
                0x200009c8       0x14 build/tasks.o
 .bss.xIdleTaskHandle
                0x200009dc        0x4 build/tasks.o
 .bss.xNextTaskUnblockTime
                0x200009e0        0x4 build/tasks.o
 .bss.xNumOfOverflows
                0x200009e4        0x4 build/tasks.o
 .bss.xPendedTicks
                0x200009e8        0x4 build/tasks.o
 .bss.xPendingReadyList
                0x200009ec       0x14 build/tasks.o
 .bss.xSchedulerRunning
                0x20000a00        0x4 build/tasks.o
 .bss.xSuspendedTaskList
                0x20000a04       0x14 build/tasks.o
 .bss.xTasksWaitingTermination
                0x20000a18       0x14 build/tasks.o
 .bss.xTickCount
                0x20000a2c        0x4 build/tasks.o
 .bss.xYieldPending
                0x20000a30        0x4 build/tasks.o
 .bss.pxEnd     0x20000a34        0x4 build/heap_4.o
 .bss.ucHeap    0x20000a38     0x8000 build/heap_4.o
 .bss.xBlockAllocatedBit
                0x20008a38        0x4 build/heap_4.o
 .bss.xFreeBytesRemaining
                0x20008a3c        0x4 build/heap_4.o
 .bss.xMinimumEverFreeBytesRemaining
                0x20008a40        0x4 build/heap_4.o
 .bss.xNumberOfSuccessfulAllocations
                0x20008a44        0x4 build/heap_4.o
 .bss.xNumberOfSuccessfulFrees
                0x20008a48        0x4 build/heap_4.o
 .bss.xStart    0x20008a4c        0x8 build/heap_4.o
 .bss.ucMaxSysCallPriority
                0x20008a54        0x1 build/port.o
 *fill*         0x20008a55        0x3 
 .bss.ulMaxPRIGROUPValue
                0x20008a58        0x4 build/port.o
 *(COMMON)
                0x20008a5c                . = ALIGN (0x4)
                0x20008a5c                _ebss = .
                0x20008a5c                __bss_end__ = _ebss

._user_heap_stack
                0x20008a5c      0x604
                0x20008a60                . = ALIGN (0x8)
 *fill*         0x20008a5c        0x4 
                0x20008a60                PROVIDE (end = .)
                [!provide]                PROVIDE (_end = .)
                0x20008c60                . = (. + _Min_Heap_Size)
 *fill*         0x20008a60      0x200 
                0x20009060                . = (. + _Min_Stack_Size)
 *fill*         0x20008c60      0x400 
                0x20009060                . = ALIGN (0x8)

/DISCARD/
 libc.a(*)
 libm.a(*)
 libgcc.a(*)

.ARM.attributes
                0x00000000       0x30
 *(.ARM.attributes)
 .ARM.attributes
                0x00000000       0x1e c:/armgcc_toolchain/gcc-arm-none-eabi-10.3-2021.10-win32/gcc-arm-none-eabi-10.3-2021.10/bin/../lib/gcc/arm-none-eabi/10.3.1/thumb/v7e-m+fp/hard/crti.o
 .ARM.attributes
                0x0000001e       0x34 c:/armgcc_toolchain/gcc-arm-none-eabi-10.3-2021.10-win32/gcc-arm-none-eabi-10.3-2021.10/bin/../lib/gcc/arm-none-eabi/10.3.1/thumb/v7e-m+fp/hard/crtbegin.o
 .ARM.attributes
                0x00000052       0x34 build/main.o
 .ARM.attributes
                0x00000086       0x34 build/peripherals.o
 .ARM.attributes
                0x000000ba       0x34 build/freertos.o
 .ARM.attributes
                0x000000ee       0x34 build/stm32f4xx_it.o
 .ARM.attributes
                0x00000122       0x34 build/stm32f4xx_hal_msp.o
 .ARM.attributes
                0x00000156       0x34 build/stm32f4xx_hal_timebase_tim.o
 .ARM.attributes
                0x0000018a       0x34 build/usbh_conf.o
 .ARM.attributes
                0x000001be       0x34 build/stm32f4xx_hal_hcd.o
 .ARM.attributes
                0x000001f2       0x34 build/stm32f4xx_ll_usb.o
 .ARM.attributes
                0x00000226       0x34 build/stm32f4xx_hal_rcc.o
 .ARM.attributes
                0x0000025a       0x34 build/stm32f4xx_hal_rcc_ex.o
 .ARM.attributes
                0x0000028e       0x34 build/stm32f4xx_hal_gpio.o
 .ARM.attributes
                0x000002c2       0x34 build/stm32f4xx_hal_cortex.o
 .ARM.attributes
                0x000002f6       0x34 build/stm32f4xx_hal.o
 .ARM.attributes
                0x0000032a       0x34 build/stm32f4xx_hal_can.o
 .ARM.attributes
                0x0000035e       0x34 build/stm32f4xx_hal_crc.o
 .ARM.attributes
                0x00000392       0x34 build/stm32f4xx_hal_dma2d.o
 .ARM.attributes
                0x000003c6       0x34 build/stm32f4xx_hal_i2c.o
 .ARM.attributes
                0x000003fa       0x34 build/stm32f4xx_hal_i2c_ex.o
 .ARM.attributes
                0x0000042e       0x34 build/stm32f4xx_hal_ltdc.o
 .ARM.attributes
                0x00000462       0x34 build/stm32f4xx_hal_spi.o
 .ARM.attributes
                0x00000496       0x34 build/stm32f4xx_hal_tim.o
 .ARM.attributes
                0x000004ca       0x34 build/stm32f4xx_hal_tim_ex.o
 .ARM.attributes
                0x000004fe       0x34 build/stm32f4xx_hal_uart.o
 .ARM.attributes
                0x00000532       0x34 build/system_stm32f4xx.o
 .ARM.attributes
                0x00000566       0x34 build/list.o
 .ARM.attributes
                0x0000059a       0x34 build/queue.o
 .ARM.attributes
                0x000005ce       0x34 build/tasks.o
 .ARM.attributes
                0x00000602       0x34 build/cmsis_os.o
 .ARM.attributes
                0x00000636       0x34 build/heap_4.o
 .ARM.attributes
                0x0000066a       0x34 build/port.o
 .ARM.attributes
                0x0000069e       0x34 build/usbh_core.o
 .ARM.attributes
                0x000006d2       0x34 build/usbh_pipes.o
 .ARM.attributes
                0x00000706       0x21 build/startup_stm32f429xx.o
 .ARM.attributes
                0x00000727       0x34 c:/armgcc_toolchain/gcc-arm-none-eabi-10.3-2021.10-win32/gcc-arm-none-eabi-10.3-2021.10/bin/../lib/gcc/arm-none-eabi/10.3.1/../../../../arm-none-eabi/lib/thumb/v7e-m+fp/hard\libc_nano.a(lib_a-init.o)
 .ARM.attributes
                0x0000075b       0x34 c:/armgcc_toolchain/gcc-arm-none-eabi-10.3-2021.10-win32/gcc-arm-none-eabi-10.3-2021.10/bin/../lib/gcc/arm-none-eabi/10.3.1/../../../../arm-none-eabi/lib/thumb/v7e-m+fp/hard\libc_nano.a(lib_a-memcpy-stub.o)
 .ARM.attributes
                0x0000078f       0x34 c:/armgcc_toolchain/gcc-arm-none-eabi-10.3-2021.10-win32/gcc-arm-none-eabi-10.3-2021.10/bin/../lib/gcc/arm-none-eabi/10.3.1/../../../../arm-none-eabi/lib/thumb/v7e-m+fp/hard\libc_nano.a(lib_a-memset.o)
 .ARM.attributes
                0x000007c3       0x1e c:/armgcc_toolchain/gcc-arm-none-eabi-10.3-2021.10-win32/gcc-arm-none-eabi-10.3-2021.10/bin/../lib/gcc/arm-none-eabi/10.3.1/thumb/v7e-m+fp/hard\libgcc.a(_aeabi_uldivmod.o)
 .ARM.attributes
                0x000007e1       0x34 c:/armgcc_toolchain/gcc-arm-none-eabi-10.3-2021.10-win32/gcc-arm-none-eabi-10.3-2021.10/bin/../lib/gcc/arm-none-eabi/10.3.1/thumb/v7e-m+fp/hard\libgcc.a(_udivmoddi4.o)
 .ARM.attributes
                0x00000815       0x1e c:/armgcc_toolchain/gcc-arm-none-eabi-10.3-2021.10-win32/gcc-arm-none-eabi-10.3-2021.10/bin/../lib/gcc/arm-none-eabi/10.3.1/thumb/v7e-m+fp/hard\libgcc.a(_dvmd_tls.o)
 .ARM.attributes
                0x00000833       0x1e c:/armgcc_toolchain/gcc-arm-none-eabi-10.3-2021.10-win32/gcc-arm-none-eabi-10.3-2021.10/bin/../lib/gcc/arm-none-eabi/10.3.1/thumb/v7e-m+fp/hard/crtn.o
OUTPUT(build/xproj.elf elf32-littlearm)
LOAD linker stubs
LOAD c:/armgcc_toolchain/gcc-arm-none-eabi-10.3-2021.10-win32/gcc-arm-none-eabi-10.3-2021.10/bin/../lib/gcc/arm-none-eabi/10.3.1/../../../../arm-none-eabi/lib/thumb/v7e-m+fp/hard\libc.a
LOAD c:/armgcc_toolchain/gcc-arm-none-eabi-10.3-2021.10-win32/gcc-arm-none-eabi-10.3-2021.10/bin/../lib/gcc/arm-none-eabi/10.3.1/../../../../arm-none-eabi/lib/thumb/v7e-m+fp/hard\libm.a
LOAD c:/armgcc_toolchain/gcc-arm-none-eabi-10.3-2021.10-win32/gcc-arm-none-eabi-10.3-2021.10/bin/../lib/gcc/arm-none-eabi/10.3.1/thumb/v7e-m+fp/hard\libgcc.a

.debug_info     0x00000000    0x32016
 .debug_info    0x00000000      0x592 build/main.o
 .debug_info    0x00000592     0x2b2f build/peripherals.o
 .debug_info    0x000030c1      0x33c build/freertos.o
 .debug_info    0x000033fd     0x1579 build/stm32f4xx_it.o
 .debug_info    0x00004976     0x2ceb build/stm32f4xx_hal_msp.o
 .debug_info    0x00007661      0xde7 build/stm32f4xx_hal_timebase_tim.o
 .debug_info    0x00008448     0x22b7 build/usbh_conf.o
 .debug_info    0x0000a6ff     0x19d5 build/stm32f4xx_hal_hcd.o
 .debug_info    0x0000c0d4     0x2215 build/stm32f4xx_ll_usb.o
 .debug_info    0x0000e2e9      0xc08 build/stm32f4xx_hal_rcc.o
 .debug_info    0x0000eef1      0x8b5 build/stm32f4xx_hal_rcc_ex.o
 .debug_info    0x0000f7a6      0x86a build/stm32f4xx_hal_gpio.o
 .debug_info    0x00010010     0x11c1 build/stm32f4xx_hal_cortex.o
 .debug_info    0x000111d1      0xb55 build/stm32f4xx_hal.o
 .debug_info    0x00011d26     0x13eb build/stm32f4xx_hal_can.o
 .debug_info    0x00013111      0x428 build/stm32f4xx_hal_crc.o
 .debug_info    0x00013539     0x1416 build/stm32f4xx_hal_dma2d.o
 .debug_info    0x0001494f     0x3b9f build/stm32f4xx_hal_i2c.o
 .debug_info    0x000184ee      0x75e build/stm32f4xx_hal_i2c_ex.o
 .debug_info    0x00018c4c     0x16c2 build/stm32f4xx_hal_ltdc.o
 .debug_info    0x0001a30e     0x2039 build/stm32f4xx_hal_spi.o
 .debug_info    0x0001c347     0x40cc build/stm32f4xx_hal_tim.o
 .debug_info    0x00020413     0x1c8f build/stm32f4xx_hal_tim_ex.o
 .debug_info    0x000220a2     0x432e build/stm32f4xx_hal_uart.o
 .debug_info    0x000263d0      0x5d5 build/system_stm32f4xx.o
 .debug_info    0x000269a5      0x30f build/list.o
 .debug_info    0x00026cb4     0x26ed build/queue.o
 .debug_info    0x000293a1     0x2deb build/tasks.o
 .debug_info    0x0002c18c     0x2507 build/cmsis_os.o
 .debug_info    0x0002e693      0x66e build/heap_4.o
 .debug_info    0x0002ed01      0x5c8 build/port.o
 .debug_info    0x0002f2c9     0x2052 build/usbh_core.o
 .debug_info    0x0003131b      0xcd9 build/usbh_pipes.o
 .debug_info    0x00031ff4       0x22 build/startup_stm32f429xx.o

.debug_abbrev   0x00000000     0x528a
 .debug_abbrev  0x00000000      0x1c8 build/main.o
 .debug_abbrev  0x000001c8      0x2a5 build/peripherals.o
 .debug_abbrev  0x0000046d       0xef build/freertos.o
 .debug_abbrev  0x0000055c      0x1ab build/stm32f4xx_it.o
 .debug_abbrev  0x00000707      0x29d build/stm32f4xx_hal_msp.o
 .debug_abbrev  0x000009a4      0x202 build/stm32f4xx_hal_timebase_tim.o
 .debug_abbrev  0x00000ba6      0x35c build/usbh_conf.o
 .debug_abbrev  0x00000f02      0x2bf build/stm32f4xx_hal_hcd.o
 .debug_abbrev  0x000011c1      0x300 build/stm32f4xx_ll_usb.o
 .debug_abbrev  0x000014c1      0x2aa build/stm32f4xx_hal_rcc.o
 .debug_abbrev  0x0000176b      0x1a1 build/stm32f4xx_hal_rcc_ex.o
 .debug_abbrev  0x0000190c      0x22b build/stm32f4xx_hal_gpio.o
 .debug_abbrev  0x00001b37      0x382 build/stm32f4xx_hal_cortex.o
 .debug_abbrev  0x00001eb9      0x209 build/stm32f4xx_hal.o
 .debug_abbrev  0x000020c2      0x27d build/stm32f4xx_hal_can.o
 .debug_abbrev  0x0000233f      0x1e9 build/stm32f4xx_hal_crc.o
 .debug_abbrev  0x00002528      0x285 build/stm32f4xx_hal_dma2d.o
 .debug_abbrev  0x000027ad      0x2f3 build/stm32f4xx_hal_i2c.o
 .debug_abbrev  0x00002aa0      0x151 build/stm32f4xx_hal_i2c_ex.o
 .debug_abbrev  0x00002bf1      0x276 build/stm32f4xx_hal_ltdc.o
 .debug_abbrev  0x00002e67      0x2b3 build/stm32f4xx_hal_spi.o
 .debug_abbrev  0x0000311a      0x289 build/stm32f4xx_hal_tim.o
 .debug_abbrev  0x000033a3      0x29f build/stm32f4xx_hal_tim_ex.o
 .debug_abbrev  0x00003642      0x356 build/stm32f4xx_hal_uart.o
 .debug_abbrev  0x00003998      0x11b build/system_stm32f4xx.o
 .debug_abbrev  0x00003ab3      0x124 build/list.o
 .debug_abbrev  0x00003bd7      0x3c4 build/queue.o
 .debug_abbrev  0x00003f9b      0x3a3 build/tasks.o
 .debug_abbrev  0x0000433e      0x3a1 build/cmsis_os.o
 .debug_abbrev  0x000046df      0x287 build/heap_4.o
 .debug_abbrev  0x00004966      0x28a build/port.o
 .debug_abbrev  0x00004bf0      0x3fb build/usbh_core.o
 .debug_abbrev  0x00004feb      0x28d build/usbh_pipes.o
 .debug_abbrev  0x00005278       0x12 build/startup_stm32f429xx.o

.debug_loc      0x00000000    0x26901
 .debug_loc     0x00000000       0x71 build/main.o
 .debug_loc     0x00000071      0x24b build/peripherals.o
 .debug_loc     0x000002bc       0x80 build/stm32f4xx_it.o
 .debug_loc     0x0000033c      0x5f3 build/stm32f4xx_hal_msp.o
 .debug_loc     0x0000092f      0x136 build/stm32f4xx_hal_timebase_tim.o
 .debug_loc     0x00000a65      0xc36 build/usbh_conf.o
 .debug_loc     0x0000169b      0xf48 build/stm32f4xx_hal_hcd.o
 .debug_loc     0x000025e3     0x29d7 build/stm32f4xx_ll_usb.o
 .debug_loc     0x00004fba      0x6e4 build/stm32f4xx_hal_rcc.o
 .debug_loc     0x0000569e      0x5ba build/stm32f4xx_hal_rcc_ex.o
 .debug_loc     0x00005c58      0x5e8 build/stm32f4xx_hal_gpio.o
 .debug_loc     0x00006240      0x7a4 build/stm32f4xx_hal_cortex.o
 .debug_loc     0x000069e4      0x1e1 build/stm32f4xx_hal.o
 .debug_loc     0x00006bc5      0xf51 build/stm32f4xx_hal_can.o
 .debug_loc     0x00007b16      0x2c3 build/stm32f4xx_hal_crc.o
 .debug_loc     0x00007dd9     0x16ea build/stm32f4xx_hal_dma2d.o
 .debug_loc     0x000094c3     0x4e61 build/stm32f4xx_hal_i2c.o
 .debug_loc     0x0000e324       0xfe build/stm32f4xx_hal_i2c_ex.o
 .debug_loc     0x0000e422     0x1c0a build/stm32f4xx_hal_ltdc.o
 .debug_loc     0x0001002c     0x26ec build/stm32f4xx_hal_spi.o
 .debug_loc     0x00012718     0x5be1 build/stm32f4xx_hal_tim.o
 .debug_loc     0x000182f9     0x212a build/stm32f4xx_hal_tim_ex.o
 .debug_loc     0x0001a423     0x4d30 build/stm32f4xx_hal_uart.o
 .debug_loc     0x0001f153      0x158 build/system_stm32f4xx.o
 .debug_loc     0x0001f2ab       0xe5 build/list.o
 .debug_loc     0x0001f390     0x1da9 build/queue.o
 .debug_loc     0x00021139     0x269f build/tasks.o
 .debug_loc     0x000237d8     0x1bc6 build/cmsis_os.o
 .debug_loc     0x0002539e      0x4ca build/heap_4.o
 .debug_loc     0x00025868      0x1c0 build/port.o
 .debug_loc     0x00025a28      0xc6b build/usbh_core.o
 .debug_loc     0x00026693      0x26e build/usbh_pipes.o

.debug_aranges  0x00000000     0x1fa8
 .debug_aranges
                0x00000000       0x28 build/main.o
 .debug_aranges
                0x00000028       0x80 build/peripherals.o
 .debug_aranges
                0x000000a8       0x38 build/freertos.o
 .debug_aranges
                0x000000e0       0x68 build/stm32f4xx_it.o
 .debug_aranges
                0x00000148       0xa0 build/stm32f4xx_hal_msp.o
 .debug_aranges
                0x000001e8       0x30 build/stm32f4xx_hal_timebase_tim.o
 .debug_aranges
                0x00000218       0xd8 build/usbh_conf.o
 .debug_aranges
                0x000002f0      0x108 build/stm32f4xx_hal_hcd.o
 .debug_aranges
                0x000003f8      0x1a0 build/stm32f4xx_ll_usb.o
 .debug_aranges
                0x00000598       0x88 build/stm32f4xx_hal_rcc.o
 .debug_aranges
                0x00000620       0x58 build/stm32f4xx_hal_rcc_ex.o
 .debug_aranges
                0x00000678       0x58 build/stm32f4xx_hal_gpio.o
 .debug_aranges
                0x000006d0       0xb0 build/stm32f4xx_hal_cortex.o
 .debug_aranges
                0x00000780      0x100 build/stm32f4xx_hal.o
 .debug_aranges
                0x00000880      0x138 build/stm32f4xx_hal_can.o
 .debug_aranges
                0x000009b8       0x50 build/stm32f4xx_hal_crc.o
 .debug_aranges
                0x00000a08      0x118 build/stm32f4xx_hal_dma2d.o
 .debug_aranges
                0x00000b20      0x2a8 build/stm32f4xx_hal_i2c.o
 .debug_aranges
                0x00000dc8       0x28 build/stm32f4xx_hal_i2c_ex.o
 .debug_aranges
                0x00000df0      0x158 build/stm32f4xx_hal_ltdc.o
 .debug_aranges
                0x00000f48      0x1d0 build/stm32f4xx_hal_spi.o
 .debug_aranges
                0x00001118      0x3d0 build/stm32f4xx_hal_tim.o
 .debug_aranges
                0x000014e8      0x168 build/stm32f4xx_hal_tim_ex.o
 .debug_aranges
                0x00001650      0x208 build/stm32f4xx_hal_uart.o
 .debug_aranges
                0x00001858       0x28 build/system_stm32f4xx.o
 .debug_aranges
                0x00001880       0x40 build/list.o
 .debug_aranges
                0x000018c0      0x128 build/queue.o
 .debug_aranges
                0x000019e8      0x1d8 build/tasks.o
 .debug_aranges
                0x00001bc0      0x1d8 build/cmsis_os.o
 .debug_aranges
                0x00001d98       0x58 build/heap_4.o
 .debug_aranges
                0x00001df0       0x80 build/port.o
 .debug_aranges
                0x00001e70       0xd0 build/usbh_core.o
 .debug_aranges
                0x00001f40       0x40 build/usbh_pipes.o
 .debug_aranges
                0x00001f80       0x28 build/startup_stm32f429xx.o

.debug_ranges   0x00000000     0x2018
 .debug_ranges  0x00000000       0x18 build/main.o
 .debug_ranges  0x00000018       0x70 build/peripherals.o
 .debug_ranges  0x00000088       0x28 build/freertos.o
 .debug_ranges  0x000000b0       0x58 build/stm32f4xx_it.o
 .debug_ranges  0x00000108       0x90 build/stm32f4xx_hal_msp.o
 .debug_ranges  0x00000198       0x20 build/stm32f4xx_hal_timebase_tim.o
 .debug_ranges  0x000001b8       0xc8 build/usbh_conf.o
 .debug_ranges  0x00000280       0xf8 build/stm32f4xx_hal_hcd.o
 .debug_ranges  0x00000378      0x190 build/stm32f4xx_ll_usb.o
 .debug_ranges  0x00000508       0x90 build/stm32f4xx_hal_rcc.o
 .debug_ranges  0x00000598       0x48 build/stm32f4xx_hal_rcc_ex.o
 .debug_ranges  0x000005e0       0x48 build/stm32f4xx_hal_gpio.o
 .debug_ranges  0x00000628      0x100 build/stm32f4xx_hal_cortex.o
 .debug_ranges  0x00000728       0xf0 build/stm32f4xx_hal.o
 .debug_ranges  0x00000818      0x140 build/stm32f4xx_hal_can.o
 .debug_ranges  0x00000958       0x40 build/stm32f4xx_hal_crc.o
 .debug_ranges  0x00000998      0x108 build/stm32f4xx_hal_dma2d.o
 .debug_ranges  0x00000aa0      0x2b0 build/stm32f4xx_hal_i2c.o
 .debug_ranges  0x00000d50       0x18 build/stm32f4xx_hal_i2c_ex.o
 .debug_ranges  0x00000d68      0x148 build/stm32f4xx_hal_ltdc.o
 .debug_ranges  0x00000eb0      0x1c0 build/stm32f4xx_hal_spi.o
 .debug_ranges  0x00001070      0x3c0 build/stm32f4xx_hal_tim.o
 .debug_ranges  0x00001430      0x158 build/stm32f4xx_hal_tim_ex.o
 .debug_ranges  0x00001588      0x210 build/stm32f4xx_hal_uart.o
 .debug_ranges  0x00001798       0x18 build/system_stm32f4xx.o
 .debug_ranges  0x000017b0       0x30 build/list.o
 .debug_ranges  0x000017e0      0x1e8 build/queue.o
 .debug_ranges  0x000019c8      0x2a8 build/tasks.o
 .debug_ranges  0x00001c70      0x1c8 build/cmsis_os.o
 .debug_ranges  0x00001e38       0x48 build/heap_4.o
 .debug_ranges  0x00001e80       0x88 build/port.o
 .debug_ranges  0x00001f08       0xc0 build/usbh_core.o
 .debug_ranges  0x00001fc8       0x30 build/usbh_pipes.o
 .debug_ranges  0x00001ff8       0x20 build/startup_stm32f429xx.o

.debug_line     0x00000000    0x272fd
 .debug_line    0x00000000      0x31c build/main.o
 .debug_line    0x0000031c      0xb07 build/peripherals.o
 .debug_line    0x00000e23      0x23b build/freertos.o
 .debug_line    0x0000105e      0x372 build/stm32f4xx_it.o
 .debug_line    0x000013d0      0x8dc build/stm32f4xx_hal_msp.o
 .debug_line    0x00001cac      0x335 build/stm32f4xx_hal_timebase_tim.o
 .debug_line    0x00001fe1      0x7d0 build/usbh_conf.o
 .debug_line    0x000027b1     0x153d build/stm32f4xx_hal_hcd.o
 .debug_line    0x00003cee     0x1fab build/stm32f4xx_ll_usb.o
 .debug_line    0x00005c99      0xb59 build/stm32f4xx_hal_rcc.o
 .debug_line    0x000067f2      0x875 build/stm32f4xx_hal_rcc_ex.o
 .debug_line    0x00007067      0x740 build/stm32f4xx_hal_gpio.o
 .debug_line    0x000077a7      0x7db build/stm32f4xx_hal_cortex.o
 .debug_line    0x00007f82      0x5e7 build/stm32f4xx_hal.o
 .debug_line    0x00008569     0x1148 build/stm32f4xx_hal_can.o
 .debug_line    0x000096b1      0x41b build/stm32f4xx_hal_crc.o
 .debug_line    0x00009acc     0x1231 build/stm32f4xx_hal_dma2d.o
 .debug_line    0x0000acfd     0x54bd build/stm32f4xx_hal_i2c.o
 .debug_line    0x000101ba      0x2c7 build/stm32f4xx_hal_i2c_ex.o
 .debug_line    0x00010481     0x19b4 build/stm32f4xx_hal_ltdc.o
 .debug_line    0x00011e35     0x25f4 build/stm32f4xx_hal_spi.o
 .debug_line    0x00014429     0x4b23 build/stm32f4xx_hal_tim.o
 .debug_line    0x00018f4c     0x1cfa build/stm32f4xx_hal_tim_ex.o
 .debug_line    0x0001ac46     0x4305 build/stm32f4xx_hal_uart.o
 .debug_line    0x0001ef4b      0x29a build/system_stm32f4xx.o
 .debug_line    0x0001f1e5      0x3a3 build/list.o
 .debug_line    0x0001f588     0x1f57 build/queue.o
 .debug_line    0x000214df     0x27d0 build/tasks.o
 .debug_line    0x00023caf     0x123c build/cmsis_os.o
 .debug_line    0x00024eeb      0x811 build/heap_4.o
 .debug_line    0x000256fc      0x754 build/port.o
 .debug_line    0x00025e50     0x10f5 build/usbh_core.o
 .debug_line    0x00026f45      0x342 build/usbh_pipes.o
 .debug_line    0x00027287       0x76 build/startup_stm32f429xx.o

.debug_str      0x00000000     0xa26b
 .debug_str     0x00000000      0x43a build/main.o
                                0x4a8 (size before relaxing)
 .debug_str     0x0000043a     0x1689 build/peripherals.o
                               0x19b3 (size before relaxing)
 .debug_str     0x00001ac3       0xeb build/freertos.o
                                0x37c (size before relaxing)
 .debug_str     0x00001bae      0x4c3 build/stm32f4xx_it.o
                               0x1035 (size before relaxing)
 .debug_str     0x00002071      0x804 build/stm32f4xx_hal_msp.o
                               0x1d71 (size before relaxing)
 .debug_str     0x00002875       0xfe build/stm32f4xx_hal_timebase_tim.o
                                0xeba (size before relaxing)
 .debug_str     0x00002973      0xc68 build/usbh_conf.o
                               0x1aa5 (size before relaxing)
 .debug_str     0x000035db      0x3ac build/stm32f4xx_hal_hcd.o
                                0xc1a (size before relaxing)
 .debug_str     0x00003987      0x534 build/stm32f4xx_ll_usb.o
                                0xd0f (size before relaxing)
 .debug_str     0x00003ebb      0x1d7 build/stm32f4xx_hal_rcc.o
                                0x6fa (size before relaxing)
 .debug_str     0x00004092      0x130 build/stm32f4xx_hal_rcc_ex.o
                                0x564 (size before relaxing)
 .debug_str     0x000041c2       0xf8 build/stm32f4xx_hal_gpio.o
                                0x4d4 (size before relaxing)
 .debug_str     0x000042ba      0x4d2 build/stm32f4xx_hal_cortex.o
                                0xc88 (size before relaxing)
 .debug_str     0x0000478c      0x2a4 build/stm32f4xx_hal.o
                                0xbed (size before relaxing)
 .debug_str     0x00004a30      0x54d build/stm32f4xx_hal_can.o
                                0xa16 (size before relaxing)
 .debug_str     0x00004f7d       0x95 build/stm32f4xx_hal_crc.o
                                0x384 (size before relaxing)
 .debug_str     0x00005012      0x35b build/stm32f4xx_hal_dma2d.o
                                0x90b (size before relaxing)
 .debug_str     0x0000536d      0x8a7 build/stm32f4xx_hal_i2c.o
                               0x1023 (size before relaxing)
 .debug_str     0x00005c14       0x38 build/stm32f4xx_hal_i2c_ex.o
                                0x738 (size before relaxing)
 .debug_str     0x00005c4c      0x471 build/stm32f4xx_hal_ltdc.o
                                0x9a9 (size before relaxing)
 .debug_str     0x000060bd      0x514 build/stm32f4xx_hal_spi.o
                                0xbdb (size before relaxing)
 .debug_str     0x000065d1      0xe10 build/stm32f4xx_hal_tim.o
                               0x16aa (size before relaxing)
 .debug_str     0x000073e1      0x521 build/stm32f4xx_hal_tim_ex.o
                                0xe9b (size before relaxing)
 .debug_str     0x00007902      0x5f0 build/stm32f4xx_hal_uart.o
                                0xd7c (size before relaxing)
 .debug_str     0x00007ef2       0x47 build/system_stm32f4xx.o
                                0x369 (size before relaxing)
 .debug_str     0x00007f39      0x136 build/list.o
                                0x2e3 (size before relaxing)
 .debug_str     0x0000806f      0x8f7 build/queue.o
                                0xc03 (size before relaxing)
 .debug_str     0x00008966      0xa35 build/tasks.o
                               0x1108 (size before relaxing)
 .debug_str     0x0000939b      0x762 build/cmsis_os.o
                               0x10a8 (size before relaxing)
 .debug_str     0x00009afd      0x2c8 build/heap_4.o
                                0x50e (size before relaxing)
 .debug_str     0x00009dc5      0x17d build/port.o
                                0x45f (size before relaxing)
 .debug_str     0x00009f42      0x2a1 build/usbh_core.o
                               0x1266 (size before relaxing)
 .debug_str     0x0000a1e3       0x64 build/usbh_pipes.o
                                0xad8 (size before relaxing)
 .debug_str     0x0000a247       0x24 build/startup_stm32f429xx.o
                                 0x4b (size before relaxing)

.comment        0x00000000       0x49
 .comment       0x00000000       0x49 build/main.o
                                 0x4a (size before relaxing)
 .comment       0x00000049       0x4a build/peripherals.o
 .comment       0x00000049       0x4a build/freertos.o
 .comment       0x00000049       0x4a build/stm32f4xx_it.o
 .comment       0x00000049       0x4a build/stm32f4xx_hal_msp.o
 .comment       0x00000049       0x4a build/stm32f4xx_hal_timebase_tim.o
 .comment       0x00000049       0x4a build/usbh_conf.o
 .comment       0x00000049       0x4a build/stm32f4xx_hal_hcd.o
 .comment       0x00000049       0x4a build/stm32f4xx_ll_usb.o
 .comment       0x00000049       0x4a build/stm32f4xx_hal_rcc.o
 .comment       0x00000049       0x4a build/stm32f4xx_hal_rcc_ex.o
 .comment       0x00000049       0x4a build/stm32f4xx_hal_gpio.o
 .comment       0x00000049       0x4a build/stm32f4xx_hal_cortex.o
 .comment       0x00000049       0x4a build/stm32f4xx_hal.o
 .comment       0x00000049       0x4a build/stm32f4xx_hal_can.o
 .comment       0x00000049       0x4a build/stm32f4xx_hal_crc.o
 .comment       0x00000049       0x4a build/stm32f4xx_hal_dma2d.o
 .comment       0x00000049       0x4a build/stm32f4xx_hal_i2c.o
 .comment       0x00000049       0x4a build/stm32f4xx_hal_i2c_ex.o
 .comment       0x00000049       0x4a build/stm32f4xx_hal_ltdc.o
 .comment       0x00000049       0x4a build/stm32f4xx_hal_spi.o
 .comment       0x00000049       0x4a build/stm32f4xx_hal_tim.o
 .comment       0x00000049       0x4a build/stm32f4xx_hal_tim_ex.o
 .comment       0x00000049       0x4a build/stm32f4xx_hal_uart.o
 .comment       0x00000049       0x4a build/system_stm32f4xx.o
 .comment       0x00000049       0x4a build/list.o
 .comment       0x00000049       0x4a build/queue.o
 .comment       0x00000049       0x4a build/tasks.o
 .comment       0x00000049       0x4a build/cmsis_os.o
 .comment       0x00000049       0x4a build/heap_4.o
 .comment       0x00000049       0x4a build/port.o
 .comment       0x00000049       0x4a build/usbh_core.o
 .comment       0x00000049       0x4a build/usbh_pipes.o

.debug_frame    0x00000000     0x59ec
 .debug_frame   0x00000000       0x40 build/main.o
 .debug_frame   0x00000040      0x16c build/peripherals.o
 .debug_frame   0x000001ac       0x50 build/freertos.o
 .debug_frame   0x000001fc       0xd0 build/stm32f4xx_it.o
 .debug_frame   0x000002cc      0x1d8 build/stm32f4xx_hal_msp.o
 .debug_frame   0x000004a4       0x54 build/stm32f4xx_hal_timebase_tim.o
 .debug_frame   0x000004f8      0x254 build/usbh_conf.o
 .debug_frame   0x0000074c      0x2dc build/stm32f4xx_hal_hcd.o
 .debug_frame   0x00000a28      0x4a4 build/stm32f4xx_ll_usb.o
 .debug_frame   0x00000ecc      0x16c build/stm32f4xx_hal_rcc.o
 .debug_frame   0x00001038       0xd8 build/stm32f4xx_hal_rcc_ex.o
 .debug_frame   0x00001110       0xd8 build/stm32f4xx_hal_gpio.o
 .debug_frame   0x000011e8      0x158 build/stm32f4xx_hal_cortex.o
 .debug_frame   0x00001340      0x20c build/stm32f4xx_hal.o
 .debug_frame   0x0000154c      0x2d8 build/stm32f4xx_hal_can.o
 .debug_frame   0x00001824       0xb8 build/stm32f4xx_hal_crc.o
 .debug_frame   0x000018dc      0x358 build/stm32f4xx_hal_dma2d.o
 .debug_frame   0x00001c34      0x988 build/stm32f4xx_hal_i2c.o
 .debug_frame   0x000025bc       0x30 build/stm32f4xx_hal_i2c_ex.o
 .debug_frame   0x000025ec      0x3a8 build/stm32f4xx_hal_ltdc.o
 .debug_frame   0x00002994      0x5c8 build/stm32f4xx_hal_spi.o
 .debug_frame   0x00002f5c      0xb10 build/stm32f4xx_hal_tim.o
 .debug_frame   0x00003a6c      0x40c build/stm32f4xx_hal_tim_ex.o
 .debug_frame   0x00003e78      0x5e4 build/stm32f4xx_hal_uart.o
 .debug_frame   0x0000445c       0x30 build/system_stm32f4xx.o
 .debug_frame   0x0000448c       0x70 build/list.o
 .debug_frame   0x000044fc      0x3e0 build/queue.o
 .debug_frame   0x000048dc      0x5f0 build/tasks.o
 .debug_frame   0x00004ecc      0x5b0 build/cmsis_os.o
 .debug_frame   0x0000547c       0xd0 build/heap_4.o
 .debug_frame   0x0000554c      0x110 build/port.o
 .debug_frame   0x0000565c      0x238 build/usbh_core.o
 .debug_frame   0x00005894       0x84 build/usbh_pipes.o
 .debug_frame   0x00005918       0x2c c:/armgcc_toolchain/gcc-arm-none-eabi-10.3-2021.10-win32/gcc-arm-none-eabi-10.3-2021.10/bin/../lib/gcc/arm-none-eabi/10.3.1/../../../../arm-none-eabi/lib/thumb/v7e-m+fp/hard\libc_nano.a(lib_a-init.o)
 .debug_frame   0x00005944       0x28 c:/armgcc_toolchain/gcc-arm-none-eabi-10.3-2021.10-win32/gcc-arm-none-eabi-10.3-2021.10/bin/../lib/gcc/arm-none-eabi/10.3.1/../../../../arm-none-eabi/lib/thumb/v7e-m+fp/hard\libc_nano.a(lib_a-memcpy-stub.o)
 .debug_frame   0x0000596c       0x20 c:/armgcc_toolchain/gcc-arm-none-eabi-10.3-2021.10-win32/gcc-arm-none-eabi-10.3-2021.10/bin/../lib/gcc/arm-none-eabi/10.3.1/../../../../arm-none-eabi/lib/thumb/v7e-m+fp/hard\libc_nano.a(lib_a-memset.o)
 .debug_frame   0x0000598c       0x2c c:/armgcc_toolchain/gcc-arm-none-eabi-10.3-2021.10-win32/gcc-arm-none-eabi-10.3-2021.10/bin/../lib/gcc/arm-none-eabi/10.3.1/thumb/v7e-m+fp/hard\libgcc.a(_aeabi_uldivmod.o)
 .debug_frame   0x000059b8       0x34 c:/armgcc_toolchain/gcc-arm-none-eabi-10.3-2021.10-win32/gcc-arm-none-eabi-10.3-2021.10/bin/../lib/gcc/arm-none-eabi/10.3.1/thumb/v7e-m+fp/hard\libgcc.a(_udivmoddi4.o)

Cross Reference Table

Symbol                                            File
ADC_IRQHandler                                    build/startup_stm32f429xx.o
AHBPrescTable                                     build/system_stm32f4xx.o
                                                  build/stm32f4xx_hal_rcc.o
APBPrescTable                                     build/system_stm32f4xx.o
                                                  build/stm32f4xx_hal_rcc.o
Appli_state                                       build/usb_host.o
BusFault_Handler                                  build/stm32f4xx_it.o
CAN1_RX0_IRQHandler                               build/startup_stm32f429xx.o
CAN1_RX1_IRQHandler                               build/startup_stm32f429xx.o
CAN1_SCE_IRQHandler                               build/startup_stm32f429xx.o
CAN1_TX_IRQHandler                                build/startup_stm32f429xx.o
CAN2_RX0_IRQHandler                               build/startup_stm32f429xx.o
CAN2_RX1_IRQHandler                               build/startup_stm32f429xx.o
CAN2_SCE_IRQHandler                               build/startup_stm32f429xx.o
CAN2_TX_IRQHandler                                build/startup_stm32f429xx.o
CDC_Class                                         build/usbh_cdc.o
                                                  build/usb_host.o
DCMI_IRQHandler                                   build/startup_stm32f429xx.o
DMA1_Stream0_IRQHandler                           build/startup_stm32f429xx.o
DMA1_Stream1_IRQHandler                           build/startup_stm32f429xx.o
DMA1_Stream2_IRQHandler                           build/startup_stm32f429xx.o
DMA1_Stream3_IRQHandler                           build/startup_stm32f429xx.o
DMA1_Stream4_IRQHandler                           build/startup_stm32f429xx.o
DMA1_Stream5_IRQHandler                           build/startup_stm32f429xx.o
DMA1_Stream6_IRQHandler                           build/startup_stm32f429xx.o
DMA1_Stream7_IRQHandler                           build/startup_stm32f429xx.o
DMA2D_IRQHandler                                  build/stm32f4xx_it.o
DMA2_Stream0_IRQHandler                           build/startup_stm32f429xx.o
DMA2_Stream1_IRQHandler                           build/startup_stm32f429xx.o
DMA2_Stream2_IRQHandler                           build/startup_stm32f429xx.o
DMA2_Stream3_IRQHandler                           build/startup_stm32f429xx.o
DMA2_Stream4_IRQHandler                           build/startup_stm32f429xx.o
DMA2_Stream5_IRQHandler                           build/startup_stm32f429xx.o
DMA2_Stream6_IRQHandler                           build/startup_stm32f429xx.o
DMA2_Stream7_IRQHandler                           build/startup_stm32f429xx.o
DebugMon_Handler                                  build/stm32f4xx_it.o
Default_Handler                                   build/startup_stm32f429xx.o
ETH_IRQHandler                                    build/startup_stm32f429xx.o
ETH_WKUP_IRQHandler                               build/startup_stm32f429xx.o
EXTI0_IRQHandler                                  build/startup_stm32f429xx.o
EXTI15_10_IRQHandler                              build/startup_stm32f429xx.o
EXTI1_IRQHandler                                  build/startup_stm32f429xx.o
EXTI2_IRQHandler                                  build/startup_stm32f429xx.o
EXTI3_IRQHandler                                  build/startup_stm32f429xx.o
EXTI4_IRQHandler                                  build/startup_stm32f429xx.o
EXTI9_5_IRQHandler                                build/startup_stm32f429xx.o
Error_Handler                                     build/peripherals.o
                                                  build/usbh_conf.o
                                                  build/usb_host.o
                                                  build/stm32f4xx_hal_msp.o
FLASH_Erase_Sector                                build/stm32f4xx_hal_flash_ex.o
                                                  build/stm32f4xx_hal_flash.o
FLASH_FlushCaches                                 build/stm32f4xx_hal_flash_ex.o
                                                  build/stm32f4xx_hal_flash.o
FLASH_IRQHandler                                  build/startup_stm32f429xx.o
FLASH_WaitForLastOperation                        build/stm32f4xx_hal_flash.o
                                                  build/stm32f4xx_hal_flash_ex.o
FMC_IRQHandler                                    build/startup_stm32f429xx.o
FPU_IRQHandler                                    build/startup_stm32f429xx.o
HAL_CAN_AbortTxRequest                            build/stm32f4xx_hal_can.o
HAL_CAN_ActivateNotification                      build/stm32f4xx_hal_can.o
HAL_CAN_AddTxMessage                              build/stm32f4xx_hal_can.o
HAL_CAN_ConfigFilter                              build/stm32f4xx_hal_can.o
HAL_CAN_DeInit                                    build/stm32f4xx_hal_can.o
HAL_CAN_DeactivateNotification                    build/stm32f4xx_hal_can.o
HAL_CAN_ErrorCallback                             build/stm32f4xx_hal_can.o
HAL_CAN_GetError                                  build/stm32f4xx_hal_can.o
HAL_CAN_GetRxFifoFillLevel                        build/stm32f4xx_hal_can.o
HAL_CAN_GetRxMessage                              build/stm32f4xx_hal_can.o
HAL_CAN_GetState                                  build/stm32f4xx_hal_can.o
HAL_CAN_GetTxMailboxesFreeLevel                   build/stm32f4xx_hal_can.o
HAL_CAN_GetTxTimestamp                            build/stm32f4xx_hal_can.o
HAL_CAN_IRQHandler                                build/stm32f4xx_hal_can.o
HAL_CAN_Init                                      build/stm32f4xx_hal_can.o
                                                  build/peripherals.o
HAL_CAN_IsSleepActive                             build/stm32f4xx_hal_can.o
HAL_CAN_IsTxMessagePending                        build/stm32f4xx_hal_can.o
HAL_CAN_MspDeInit                                 build/stm32f4xx_hal_msp.o
HAL_CAN_MspInit                                   build/stm32f4xx_hal_msp.o
HAL_CAN_RequestSleep                              build/stm32f4xx_hal_can.o
HAL_CAN_ResetError                                build/stm32f4xx_hal_can.o
HAL_CAN_RxFifo0FullCallback                       build/stm32f4xx_hal_can.o
HAL_CAN_RxFifo0MsgPendingCallback                 build/stm32f4xx_hal_can.o
HAL_CAN_RxFifo1FullCallback                       build/stm32f4xx_hal_can.o
HAL_CAN_RxFifo1MsgPendingCallback                 build/stm32f4xx_hal_can.o
HAL_CAN_SleepCallback                             build/stm32f4xx_hal_can.o
HAL_CAN_Start                                     build/stm32f4xx_hal_can.o
HAL_CAN_Stop                                      build/stm32f4xx_hal_can.o
HAL_CAN_TxMailbox0AbortCallback                   build/stm32f4xx_hal_can.o
HAL_CAN_TxMailbox0CompleteCallback                build/stm32f4xx_hal_can.o
HAL_CAN_TxMailbox1AbortCallback                   build/stm32f4xx_hal_can.o
HAL_CAN_TxMailbox1CompleteCallback                build/stm32f4xx_hal_can.o
HAL_CAN_TxMailbox2AbortCallback                   build/stm32f4xx_hal_can.o
HAL_CAN_TxMailbox2CompleteCallback                build/stm32f4xx_hal_can.o
HAL_CAN_WakeUp                                    build/stm32f4xx_hal_can.o
HAL_CAN_WakeUpFromRxMsgCallback                   build/stm32f4xx_hal_can.o
HAL_CORTEX_ClearEvent                             build/stm32f4xx_hal_cortex.o
HAL_CRC_Accumulate                                build/stm32f4xx_hal_crc.o
HAL_CRC_Calculate                                 build/stm32f4xx_hal_crc.o
HAL_CRC_DeInit                                    build/stm32f4xx_hal_crc.o
HAL_CRC_GetState                                  build/stm32f4xx_hal_crc.o
HAL_CRC_Init                                      build/stm32f4xx_hal_crc.o
                                                  build/peripherals.o
HAL_CRC_MspDeInit                                 build/stm32f4xx_hal_msp.o
HAL_CRC_MspInit                                   build/stm32f4xx_hal_msp.o
HAL_DBGMCU_DisableDBGSleepMode                    build/stm32f4xx_hal.o
HAL_DBGMCU_DisableDBGStandbyMode                  build/stm32f4xx_hal.o
HAL_DBGMCU_DisableDBGStopMode                     build/stm32f4xx_hal.o
HAL_DBGMCU_EnableDBGSleepMode                     build/stm32f4xx_hal.o
HAL_DBGMCU_EnableDBGStandbyMode                   build/stm32f4xx_hal.o
HAL_DBGMCU_EnableDBGStopMode                      build/stm32f4xx_hal.o
HAL_DMA2D_Abort                                   build/stm32f4xx_hal_dma2d.o
HAL_DMA2D_BlendingStart                           build/stm32f4xx_hal_dma2d.o
HAL_DMA2D_BlendingStart_IT                        build/stm32f4xx_hal_dma2d.o
HAL_DMA2D_CLUTLoad                                build/stm32f4xx_hal_dma2d.o
HAL_DMA2D_CLUTLoad_IT                             build/stm32f4xx_hal_dma2d.o
HAL_DMA2D_CLUTLoadingCpltCallback                 build/stm32f4xx_hal_dma2d.o
HAL_DMA2D_CLUTLoading_Abort                       build/stm32f4xx_hal_dma2d.o
HAL_DMA2D_CLUTLoading_Resume                      build/stm32f4xx_hal_dma2d.o
HAL_DMA2D_CLUTLoading_Suspend                     build/stm32f4xx_hal_dma2d.o
HAL_DMA2D_CLUTStartLoad                           build/stm32f4xx_hal_dma2d.o
HAL_DMA2D_CLUTStartLoad_IT                        build/stm32f4xx_hal_dma2d.o
HAL_DMA2D_ConfigCLUT                              build/stm32f4xx_hal_dma2d.o
HAL_DMA2D_ConfigDeadTime                          build/stm32f4xx_hal_dma2d.o
HAL_DMA2D_ConfigLayer                             build/stm32f4xx_hal_dma2d.o
                                                  build/peripherals.o
HAL_DMA2D_DeInit                                  build/stm32f4xx_hal_dma2d.o
HAL_DMA2D_DisableDeadTime                         build/stm32f4xx_hal_dma2d.o
HAL_DMA2D_EnableCLUT                              build/stm32f4xx_hal_dma2d.o
HAL_DMA2D_EnableDeadTime                          build/stm32f4xx_hal_dma2d.o
HAL_DMA2D_GetError                                build/stm32f4xx_hal_dma2d.o
HAL_DMA2D_GetState                                build/stm32f4xx_hal_dma2d.o
HAL_DMA2D_IRQHandler                              build/stm32f4xx_hal_dma2d.o
                                                  build/stm32f4xx_it.o
HAL_DMA2D_Init                                    build/stm32f4xx_hal_dma2d.o
                                                  build/peripherals.o
HAL_DMA2D_LineEventCallback                       build/stm32f4xx_hal_dma2d.o
HAL_DMA2D_MspDeInit                               build/stm32f4xx_hal_msp.o
HAL_DMA2D_MspInit                                 build/stm32f4xx_hal_msp.o
HAL_DMA2D_PollForTransfer                         build/stm32f4xx_hal_dma2d.o
HAL_DMA2D_ProgramLineEvent                        build/stm32f4xx_hal_dma2d.o
HAL_DMA2D_Resume                                  build/stm32f4xx_hal_dma2d.o
HAL_DMA2D_Start                                   build/stm32f4xx_hal_dma2d.o
HAL_DMA2D_Start_IT                                build/stm32f4xx_hal_dma2d.o
HAL_DMA2D_Suspend                                 build/stm32f4xx_hal_dma2d.o
HAL_DMAEx_ChangeMemory                            build/stm32f4xx_hal_dma_ex.o
HAL_DMAEx_MultiBufferStart                        build/stm32f4xx_hal_dma_ex.o
HAL_DMAEx_MultiBufferStart_IT                     build/stm32f4xx_hal_dma_ex.o
HAL_DMA_Abort                                     build/stm32f4xx_hal_dma.o
                                                  build/stm32f4xx_hal_uart.o
                                                  build/stm32f4xx_hal_spi.o
HAL_DMA_Abort_IT                                  build/stm32f4xx_hal_dma.o
                                                  build/stm32f4xx_hal_uart.o
                                                  build/stm32f4xx_hal_tim_ex.o
                                                  build/stm32f4xx_hal_tim.o
                                                  build/stm32f4xx_hal_spi.o
                                                  build/stm32f4xx_hal_i2c.o
HAL_DMA_DeInit                                    build/stm32f4xx_hal_dma.o
HAL_DMA_GetError                                  build/stm32f4xx_hal_dma.o
                                                  build/stm32f4xx_hal_uart.o
                                                  build/stm32f4xx_hal_i2c.o
HAL_DMA_GetState                                  build/stm32f4xx_hal_dma.o
                                                  build/stm32f4xx_hal_i2c.o
HAL_DMA_IRQHandler                                build/stm32f4xx_hal_dma.o
HAL_DMA_Init                                      build/stm32f4xx_hal_dma.o
HAL_DMA_PollForTransfer                           build/stm32f4xx_hal_dma.o
HAL_DMA_RegisterCallback                          build/stm32f4xx_hal_dma.o
HAL_DMA_Start                                     build/stm32f4xx_hal_dma.o
HAL_DMA_Start_IT                                  build/stm32f4xx_hal_dma.o
                                                  build/stm32f4xx_hal_uart.o
                                                  build/stm32f4xx_hal_tim_ex.o
                                                  build/stm32f4xx_hal_tim.o
                                                  build/stm32f4xx_hal_spi.o
                                                  build/stm32f4xx_hal_i2c.o
HAL_DMA_UnRegisterCallback                        build/stm32f4xx_hal_dma.o
HAL_DeInit                                        build/stm32f4xx_hal.o
HAL_Delay                                         build/stm32f4xx_hal.o
                                                  build/stm32f4xx_ll_usb.o
                                                  build/usbh_conf.o
HAL_DisableCompensationCell                       build/stm32f4xx_hal.o
HAL_DisableMemorySwappingBank                     build/stm32f4xx_hal.o
HAL_EXTI_ClearConfigLine                          build/stm32f4xx_hal_exti.o
HAL_EXTI_ClearPending                             build/stm32f4xx_hal_exti.o
HAL_EXTI_GenerateSWI                              build/stm32f4xx_hal_exti.o
HAL_EXTI_GetConfigLine                            build/stm32f4xx_hal_exti.o
HAL_EXTI_GetHandle                                build/stm32f4xx_hal_exti.o
HAL_EXTI_GetPending                               build/stm32f4xx_hal_exti.o
HAL_EXTI_IRQHandler                               build/stm32f4xx_hal_exti.o
HAL_EXTI_RegisterCallback                         build/stm32f4xx_hal_exti.o
HAL_EXTI_SetConfigLine                            build/stm32f4xx_hal_exti.o
HAL_EnableCompensationCell                        build/stm32f4xx_hal.o
HAL_EnableMemorySwappingBank                      build/stm32f4xx_hal.o
HAL_FLASHEx_AdvOBGetConfig                        build/stm32f4xx_hal_flash_ex.o
HAL_FLASHEx_AdvOBProgram                          build/stm32f4xx_hal_flash_ex.o
HAL_FLASHEx_Erase                                 build/stm32f4xx_hal_flash_ex.o
HAL_FLASHEx_Erase_IT                              build/stm32f4xx_hal_flash_ex.o
HAL_FLASHEx_OBGetConfig                           build/stm32f4xx_hal_flash_ex.o
HAL_FLASHEx_OBProgram                             build/stm32f4xx_hal_flash_ex.o
HAL_FLASHEx_OB_DeSelectPCROP                      build/stm32f4xx_hal_flash_ex.o
HAL_FLASHEx_OB_GetBank2WRP                        build/stm32f4xx_hal_flash_ex.o
HAL_FLASHEx_OB_SelectPCROP                        build/stm32f4xx_hal_flash_ex.o
HAL_FLASH_EndOfOperationCallback                  build/stm32f4xx_hal_flash.o
HAL_FLASH_GetError                                build/stm32f4xx_hal_flash.o
HAL_FLASH_IRQHandler                              build/stm32f4xx_hal_flash.o
HAL_FLASH_Lock                                    build/stm32f4xx_hal_flash.o
HAL_FLASH_OB_Launch                               build/stm32f4xx_hal_flash.o
HAL_FLASH_OB_Lock                                 build/stm32f4xx_hal_flash.o
HAL_FLASH_OB_Unlock                               build/stm32f4xx_hal_flash.o
HAL_FLASH_OperationErrorCallback                  build/stm32f4xx_hal_flash.o
HAL_FLASH_Program                                 build/stm32f4xx_hal_flash.o
HAL_FLASH_Program_IT                              build/stm32f4xx_hal_flash.o
HAL_FLASH_Unlock                                  build/stm32f4xx_hal_flash.o
HAL_GPIO_DeInit                                   build/stm32f4xx_hal_gpio.o
                                                  build/usbh_conf.o
                                                  build/stm32f4xx_hal_msp.o
HAL_GPIO_EXTI_Callback                            build/stm32f4xx_hal_gpio.o
HAL_GPIO_EXTI_IRQHandler                          build/stm32f4xx_hal_gpio.o
HAL_GPIO_Init                                     build/stm32f4xx_hal_gpio.o
                                                  build/stm32f4xx_hal_rcc.o
                                                  build/usbh_conf.o
                                                  build/stm32f4xx_hal_msp.o
                                                  build/peripherals.o
HAL_GPIO_LockPin                                  build/stm32f4xx_hal_gpio.o
HAL_GPIO_ReadPin                                  build/stm32f4xx_hal_gpio.o
                                                  build/main.o
HAL_GPIO_TogglePin                                build/stm32f4xx_hal_gpio.o
                                                  build/main.o
HAL_GPIO_WritePin                                 build/stm32f4xx_hal_gpio.o
                                                  build/usbh_platform.o
                                                  build/peripherals.o
HAL_GetDEVID                                      build/stm32f4xx_hal.o
HAL_GetHalVersion                                 build/stm32f4xx_hal.o
HAL_GetREVID                                      build/stm32f4xx_hal.o
HAL_GetTick                                       build/stm32f4xx_hal.o
                                                  build/stm32f4xx_hal_uart.o
                                                  build/stm32f4xx_hal_spi.o
                                                  build/stm32f4xx_hal_ltdc.o
                                                  build/stm32f4xx_hal_i2c.o
                                                  build/stm32f4xx_hal_dma2d.o
                                                  build/stm32f4xx_hal_can.o
                                                  build/stm32f4xx_hal_pwr_ex.o
                                                  build/stm32f4xx_hal_dma.o
                                                  build/stm32f4xx_hal_flash.o
                                                  build/stm32f4xx_hal_rcc_ex.o
                                                  build/stm32f4xx_hal_rcc.o
HAL_GetTickFreq                                   build/stm32f4xx_hal.o
HAL_GetTickPrio                                   build/stm32f4xx_hal.o
HAL_GetUIDw0                                      build/stm32f4xx_hal.o
HAL_GetUIDw1                                      build/stm32f4xx_hal.o
HAL_GetUIDw2                                      build/stm32f4xx_hal.o
HAL_HCD_Connect_Callback                          build/usbh_conf.o