gthr-default.h:229:1:int __gthread_key_delete(__gthread_key_t)	16	static
functional:1685:5:std::_Function_base::_Function_base()	16	static
functional:1687:5:std::_Function_base::~_Function_base()	16	static
functional:1694:10:bool std::_Function_base::_M_empty() const	16	static
functional:1834:11:std::function<void()>::~function()	16	static
Pin.cpp:59:13:bool IsOnlyASingleBitSetInIdMask(uint16_t)	16	static
Pin.cpp:70:12:int GetIndexById(uint16_t)	16	static
Pin.cpp:83:1:Pin::Pin(Pin&&)	16	static
Pin.cpp:100:1:Pin::Pin(PinIdPort)	24	static
Pin.cpp:111:1:Pin::Pin(PinIdPort, Level, Drive)	24	static
Pin.cpp:123:1:Pin::Pin(PinIdPort, PullUpDown)	24	static
Pin.cpp:138:1:Pin::Pin(PinIdPort, Alternate, PullUpDown, Mode)	24	static
Pin.cpp:150:6:void Pin::Configure(Level, Drive)	40	static
Pin.cpp:180:6:void Pin::Configure(PullUpDown)	40	static
Pin.cpp:219:6:void Pin::Configure(Alternate, PullUpDown, Mode)	40	static
Pin.cpp:252:6:bool Pin::Interrupt(Trigger, const std::function<void()>&, bool)	56	static
Pin.cpp:306:6:bool Pin::InterruptEnable()	24	static
Pin.cpp:329:6:bool Pin::InterruptDisable()	24	static
Pin.cpp:357:6:bool Pin::InterruptRemove()	24	static
Pin.cpp:385:6:void Pin::Toggle() const	16	static
Pin.cpp:397:6:void Pin::Set(Level)	16	static
Pin.cpp:409:7:Level Pin::Get() const	16	static
Pin.cpp:430:6:Pin& Pin::operator=(Pin&&)	16	static
Pin.cpp:456:6:void Pin::CheckAndSetIdAndPort(uint16_t, GPIO_TypeDef*)	24	static
Pin.cpp:479:6:void Pin::CheckAndEnableAHB1PeripheralClock(GPIO_TypeDef*)	56	static
Pin.cpp:505:6:bool Pin::IsIRQSharedWithOtherPin(uint16_t)	24	static
Pin.cpp:542:11:IRQn_Type Pin::GetIRQn(uint16_t)	16	static
Pin.cpp:565:6:void HAL_GPIO_EXTI_Callback(uint16_t)	24	static
Pin.cpp:579:17:void EXTI0_IRQHandler()	8	static
Pin.cpp:587:17:void EXTI1_IRQHandler()	8	static
Pin.cpp:595:17:void EXTI2_IRQHandler()	8	static
Pin.cpp:603:17:void EXTI3_IRQHandler()	8	static
Pin.cpp:611:17:void EXTI4_IRQHandler()	8	static
Pin.cpp:620:17:void EXTI9_5_IRQHandler()	8	static
Pin.cpp:633:17:void EXTI15_10_IRQHandler()	8	static
functional:525:12:constexpr std::_Maybe_unary_or_binary_function<void>::_Maybe_unary_or_binary_function()	16	static
functional:1868:7:)>::function(std::nullptr_t) [with _Res = void; _ArgTypes = {}]	16	static
functional:2042:16:)>::operator bool() const [with _Res = void; _ArgTypes = {}]	16	static
functional:2211:5:)>&, std::nullptr_t) [with _Res = void; _Args = {}]	16	static
functional:1929:7:)>&) [with _Res = void; _ArgTypes = {}]	32	static
functional:1961:7:)>::operator=(std::nullptr_t) [with _Res = void; _ArgTypes = {}]	16	static
functional:2122:5:) const [with _Res = void; _ArgTypes = {}]	16	static
functional:2014:12:)>&) [with _Res = void; _ArgTypes = {}]	16	static
functional:2092:5:)>&) [with _Res = void; _ArgTypes = {}]	16	static
move.h:101:5:constexpr typename std::remove_reference< <template-parameter-1-1> >::type&& std::move(_Tp&&) [with _Tp = std::_Any_data&]	16	static
move.h:179:5:typename std::enable_if<std::__and_<std::is_move_constructible<_Tp>, std::is_move_assignable<_Tp> >::value>::type std::swap(_Tp&, _Tp&) [with _Tp = std::_Any_data]	24	static
move.h:101:5:constexpr typename std::remove_reference< <template-parameter-1-1> >::type&& std::move(_Tp&&) [with _Tp = bool (*&)(std::_Any_data&, const std::_Any_data&, std::_Manager_operation)]	16	static
move.h:179:5:typename std::enable_if<std::__and_<std::is_move_constructible<_Tp>, std::is_move_assignable<_Tp> >::value>::type std::swap(_Tp&, _Tp&) [with _Tp = bool (*)(std::_Any_data&, const std::_Any_data&, std::_Manager_operation)]	24	static
move.h:101:5:constexpr typename std::remove_reference< <template-parameter-1-1> >::type&& std::move(_Tp&&) [with _Tp = void (*&)(const std::_Any_data&)]	16	static
move.h:179:5:typename std::enable_if<std::__and_<std::is_move_constructible<_Tp>, std::is_move_assignable<_Tp> >::value>::type std::swap(_Tp&, _Tp&) [with _Tp = void (*)(const std::_Any_data&)]	24	static
Pin.hpp:49:8:PinInterrupt::~PinInterrupt()	16	static
Pin.cpp:641:1:void __static_initialization_and_destruction_0(int, int)	24	static
Pin.cpp:641:1:cpp)	8	static
Pin.cpp:641:1:cpp)	8	static
